Component: ARM Compiler 5.06 update 7 (build 960) Tool: armlink [4d3601]

==============================================================================

Section Cross References

    startup_stm32f429xx.o(RESET) refers to startup_stm32f429xx.o(STACK) for __initial_sp
    startup_stm32f429xx.o(RESET) refers to startup_stm32f429xx.o(.text) for Reset_Handler
    startup_stm32f429xx.o(RESET) refers to stm32f4xx_it.o(i.NMI_Handler) for NMI_Handler
    startup_stm32f429xx.o(RESET) refers to stm32f4xx_it.o(i.HardFault_Handler) for HardFault_Handler
    startup_stm32f429xx.o(RESET) refers to stm32f4xx_it.o(i.MemManage_Handler) for MemManage_Handler
    startup_stm32f429xx.o(RESET) refers to stm32f4xx_it.o(i.BusFault_Handler) for BusFault_Handler
    startup_stm32f429xx.o(RESET) refers to stm32f4xx_it.o(i.UsageFault_Handler) for UsageFault_Handler
    startup_stm32f429xx.o(RESET) refers to port.o(.emb_text) for SVC_Handler
    startup_stm32f429xx.o(RESET) refers to stm32f4xx_it.o(i.DebugMon_Handler) for DebugMon_Handler
    startup_stm32f429xx.o(RESET) refers to port.o(i.SysTick_Handler) for SysTick_Handler
    startup_stm32f429xx.o(RESET) refers to stm32f4xx_it.o(i.TIM1_UP_TIM10_IRQHandler) for TIM1_UP_TIM10_IRQHandler
    startup_stm32f429xx.o(RESET) refers to stm32f4xx_it.o(i.USART1_IRQHandler) for USART1_IRQHandler
    startup_stm32f429xx.o(.text) refers to system_stm32f4xx.o(i.SystemInit) for SystemInit
    startup_stm32f429xx.o(.text) refers to entry.o(.ARM.Collect$$$$00000000) for __main
    main.o(i.HAL_TIM_PeriodElapsedCallback) refers to stm32f4xx_hal.o(i.HAL_IncTick) for HAL_IncTick
    main.o(i.SystemClock_Config) refers to memseta.o(.text) for __aeabi_memclr4
    main.o(i.SystemClock_Config) refers to stm32f4xx_hal_rcc.o(i.HAL_RCC_OscConfig) for HAL_RCC_OscConfig
    main.o(i.SystemClock_Config) refers to stm32f4xx_hal_pwr_ex.o(i.HAL_PWREx_EnableOverDrive) for HAL_PWREx_EnableOverDrive
    main.o(i.SystemClock_Config) refers to stm32f4xx_hal_rcc.o(i.HAL_RCC_ClockConfig) for HAL_RCC_ClockConfig
    main.o(i.main) refers to stm32f4xx_hal.o(i.HAL_Init) for HAL_Init
    main.o(i.main) refers to main.o(i.SystemClock_Config) for SystemClock_Config
    main.o(i.main) refers to gpio.o(i.MX_GPIO_Init) for MX_GPIO_Init
    main.o(i.main) refers to usart.o(i.MX_USART1_UART_Init) for MX_USART1_UART_Init
    main.o(i.main) refers to fmc.o(i.MX_FMC_Init) for MX_FMC_Init
    main.o(i.main) refers to ltdc.o(i.MX_LTDC_Init) for MX_LTDC_Init
    main.o(i.main) refers to dma2d.o(i.MX_DMA2D_Init) for MX_DMA2D_Init
    main.o(i.main) refers to freertos.o(i.MX_FREERTOS_Init) for MX_FREERTOS_Init
    main.o(i.main) refers to cmsis_os.o(i.osKernelStart) for osKernelStart
    main.o(i.main) refers to stm32f4xx_hal.o(i.HAL_Delay) for HAL_Delay
    gpio.o(i.MX_GPIO_Init) refers to memseta.o(.text) for __aeabi_memclr4
    gpio.o(i.MX_GPIO_Init) refers to stm32f4xx_hal_gpio.o(i.HAL_GPIO_WritePin) for HAL_GPIO_WritePin
    gpio.o(i.MX_GPIO_Init) refers to stm32f4xx_hal_gpio.o(i.HAL_GPIO_Init) for HAL_GPIO_Init
    freertos.o(i.MX_FREERTOS_Init) refers to fmc.o(i.SDRAM_Device_Init) for SDRAM_Device_Init
    freertos.o(i.MX_FREERTOS_Init) refers to memcpya.o(.text) for __aeabi_memcpy4
    freertos.o(i.MX_FREERTOS_Init) refers to cmsis_os.o(i.osThreadCreate) for osThreadCreate
    freertos.o(i.MX_FREERTOS_Init) refers to freertos.o(.constdata) for .constdata
    freertos.o(i.MX_FREERTOS_Init) refers to freertos.o(.data) for .data
    freertos.o(i.StartDefaultTask) refers to cmsis_os.o(i.osDelay) for osDelay
    freertos.o(i.StartTask02) refers to cmsis_os.o(i.osDelay) for osDelay
    freertos.o(i.StartTask02) refers to ltdc.o(i.LTDC_Init) for LTDC_Init
    freertos.o(i.StartTask02) refers to ltdc.o(i.LTDC_Clear) for LTDC_Clear
    freertos.o(i.StartTask02) refers to stm32f4xx_hal_gpio.o(i.HAL_GPIO_TogglePin) for HAL_GPIO_TogglePin
    freertos.o(i.StartTask03) refers to cmsis_os.o(i.osDelay) for osDelay
    freertos.o(i.vApplicationGetIdleTaskMemory) refers to freertos.o(.bss) for .bss
    freertos.o(.constdata) refers to freertos.o(.conststring) for .conststring
    freertos.o(.constdata) refers to freertos.o(i.StartDefaultTask) for StartDefaultTask
    freertos.o(.constdata) refers to freertos.o(i.StartTask02) for StartTask02
    freertos.o(.constdata) refers to freertos.o(i.StartTask03) for StartTask03
    dma2d.o(i.MX_DMA2D_Init) refers to stm32f4xx_hal_dma2d.o(i.HAL_DMA2D_Init) for HAL_DMA2D_Init
    dma2d.o(i.MX_DMA2D_Init) refers to main.o(i.Error_Handler) for Error_Handler
    dma2d.o(i.MX_DMA2D_Init) refers to stm32f4xx_hal_dma2d.o(i.HAL_DMA2D_ConfigLayer) for HAL_DMA2D_ConfigLayer
    dma2d.o(i.MX_DMA2D_Init) refers to dma2d.o(.bss) for .bss
    fmc.o(i.HAL_FMC_MspInit) refers to memseta.o(.text) for __aeabi_memclr4
    fmc.o(i.HAL_FMC_MspInit) refers to stm32f4xx_hal_gpio.o(i.HAL_GPIO_Init) for HAL_GPIO_Init
    fmc.o(i.HAL_FMC_MspInit) refers to fmc.o(.data) for .data
[...]
    ../Drivers/STM32F4xx_HAL_Driver/Src/stm32f4xx_hal_rcc.c 0x00000000   Number         0  stm32f4xx_hal_rcc.o ABSOLUTE
    ../Drivers/STM32F4xx_HAL_Driver/Src/stm32f4xx_hal_rcc_ex.c 0x00000000   Number         0  stm32f4xx_hal_rcc_ex.o ABSOLUTE
    ../Drivers/STM32F4xx_HAL_Driver/Src/stm32f4xx_hal_sdram.c 0x00000000   Number         0  stm32f4xx_hal_sdram.o ABSOLUTE
    ../Drivers/STM32F4xx_HAL_Driver/Src/stm32f4xx_hal_tim.c 0x00000000   Number         0  stm32f4xx_hal_tim.o ABSOLUTE
    ../Drivers/STM32F4xx_HAL_Driver/Src/stm32f4xx_hal_tim_ex.c 0x00000000   Number         0  stm32f4xx_hal_tim_ex.o ABSOLUTE
    ../Drivers/STM32F4xx_HAL_Driver/Src/stm32f4xx_hal_uart.c 0x00000000   Number         0  stm32f4xx_hal_uart.o ABSOLUTE
    ../Drivers/STM32F4xx_HAL_Driver/Src/stm32f4xx_ll_fmc.c 0x00000000   Number         0  stm32f4xx_ll_fmc.o ABSOLUTE
    ../Middlewares/Third_Party/FreeRTOS/Source/CMSIS_RTOS/cmsis_os.c 0x00000000   Number         0  cmsis_os.o ABSOLUTE
    ../Middlewares/Third_Party/FreeRTOS/Source/croutine.c 0x00000000   Number         0  croutine.o ABSOLUTE
    ../Middlewares/Third_Party/FreeRTOS/Source/event_groups.c 0x00000000   Number         0  event_groups.o ABSOLUTE
    ../Middlewares/Third_Party/FreeRTOS/Source/list.c 0x00000000   Number         0  list.o ABSOLUTE
    ../Middlewares/Third_Party/FreeRTOS/Source/portable/MemMang/heap_4.c 0x00000000   Number         0  heap_4.o ABSOLUTE
    ../Middlewares/Third_Party/FreeRTOS/Source/portable/RVDS/ARM_CM4F/port.c 0x00000000   Number         0  port.o ABSOLUTE
    ../Middlewares/Third_Party/FreeRTOS/Source/queue.c 0x00000000   Number         0  queue.o ABSOLUTE
    ../Middlewares/Third_Party/FreeRTOS/Source/stream_buffer.c 0x00000000   Number         0  stream_buffer.o ABSOLUTE
    ../Middlewares/Third_Party/FreeRTOS/Source/tasks.c 0x00000000   Number         0  tasks.o ABSOLUTE
    ../Middlewares/Third_Party/FreeRTOS/Source/timers.c 0x00000000   Number         0  timers.o ABSOLUTE
    ../clib/microlib/division.c              0x00000000   Number         0  uldiv.o ABSOLUTE
    ../clib/microlib/division.c              0x00000000   Number         0  uidiv.o ABSOLUTE
    ../clib/microlib/init/entry.s            0x00000000   Number         0  entry11a.o ABSOLUTE
    ../clib/microlib/init/entry.s            0x00000000   Number         0  entry7a.o ABSOLUTE
    ../clib/microlib/init/entry.s            0x00000000   Number         0  entry7b.o ABSOLUTE
    ../clib/microlib/init/entry.s            0x00000000   Number         0  entry8a.o ABSOLUTE
    ../clib/microlib/init/entry.s            0x00000000   Number         0  entry8b.o ABSOLUTE
    ../clib/microlib/init/entry.s            0x00000000   Number         0  entry9a.o ABSOLUTE
    ../clib/microlib/init/entry.s            0x00000000   Number         0  entry10a.o ABSOLUTE
    ../clib/microlib/init/entry.s            0x00000000   Number         0  entry2.o ABSOLUTE
    ../clib/microlib/init/entry.s            0x00000000   Number         0  entry9b.o ABSOLUTE
    ../clib/microlib/init/entry.s            0x00000000   Number         0  entry5.o ABSOLUTE
    ../clib/microlib/init/entry.s            0x00000000   Number         0  entry.o ABSOLUTE
    ../clib/microlib/init/entry.s            0x00000000   Number         0  entry10b.o ABSOLUTE
    ../clib/microlib/init/entry.s            0x00000000   Number         0  entry11b.o ABSOLUTE
    ../clib/microlib/init/entry.s            0x00000000   Number         0  entry12a.o ABSOLUTE
    ../clib/microlib/init/entry.s            0x00000000   Number         0  entry12b.o ABSOLUTE
    ../clib/microlib/longlong.c              0x00000000   Number         0  llshl.o ABSOLUTE
    ../clib/microlib/longlong.c              0x00000000   Number         0  llushr.o ABSOLUTE
    ../clib/microlib/longlong.c              0x00000000   Number         0  llsshr.o ABSOLUTE
    ../clib/microlib/printf/printf.c         0x00000000   Number         0  printf8.o ABSOLUTE
    ../clib/microlib/printf/printf.c         0x00000000   Number         0  printf7.o ABSOLUTE
    ../clib/microlib/printf/printf.c         0x00000000   Number         0  printf6.o ABSOLUTE
    ../clib/microlib/printf/printf.c         0x00000000   Number         0  printf5.o ABSOLUTE
    ../clib/microlib/printf/printf.c         0x00000000   Number         0  printf3.o ABSOLUTE
    ../clib/microlib/printf/printf.c         0x00000000   Number         0  printf2.o ABSOLUTE
    ../clib/microlib/printf/printf.c         0x00000000   Number         0  printf1.o ABSOLUTE
    ../clib/microlib/printf/printf.c         0x00000000   Number         0  printf0.o ABSOLUTE
    ../clib/microlib/printf/printf.c         0x00000000   Number         0  printfb.o ABSOLUTE
    ../clib/microlib/printf/printf.c         0x00000000   Number         0  printf4.o ABSOLUTE
    ../clib/microlib/printf/printf.c         0x00000000   Number         0  printfa.o ABSOLUTE
    ../clib/microlib/printf/stubs.s          0x00000000   Number         0  stubs.o ABSOLUTE
    ../clib/microlib/stdio/streams.c         0x00000000   Number         0  stdout.o ABSOLUTE
    ../clib/microlib/string/memcpy.c         0x00000000   Number         0  memcpyb.o ABSOLUTE
    ../clib/microlib/string/memcpy.c         0x00000000   Number         0  memcpya.o ABSOLUTE
    ../clib/microlib/string/memset.c         0x00000000   Number         0  memset.o ABSOLUTE
    ../clib/microlib/string/memset.c         0x00000000   Number         0  memseta.o ABSOLUTE
    ../clib/microlib/stubs.s                 0x00000000   Number         0  iusefp.o ABSOLUTE
    ../fplib/microlib/fpadd.c                0x00000000   Number         0  dadd.o ABSOLUTE
    ../fplib/microlib/fpdiv.c                0x00000000   Number         0  ddiv.o ABSOLUTE
    ../fplib/microlib/fpepilogue.c           0x00000000   Number         0  depilogue.o ABSOLUTE
    ../fplib/microlib/fpfix.c                0x00000000   Number         0  dfixul.o ABSOLUTE
    ../fplib/microlib/fpmul.c                0x00000000   Number         0  dmul.o ABSOLUTE
    ..\Core\Src\dma2d.c                      0x00000000   Number         0  dma2d.o ABSOLUTE
    ..\Core\Src\fmc.c                        0x00000000   Number         0  fmc.o ABSOLUTE
    ..\Core\Src\freertos.c                   0x00000000   Number         0  freertos.o ABSOLUTE
    ..\Core\Src\gpio.c                       0x00000000   Number         0  gpio.o ABSOLUTE
    ..\Core\Src\ltdc.c                       0x00000000   Number         0  ltdc.o ABSOLUTE
    ..\Core\Src\main.c                       0x00000000   Number         0  main.o ABSOLUTE
    ..\Core\Src\stm32f4xx_hal_msp.c          0x00000000   Number         0  stm32f4xx_hal_msp.o ABSOLUTE
    ..\Core\Src\stm32f4xx_hal_timebase_tim.c 0x00000000   Number         0  stm32f4xx_hal_timebase_tim.o ABSOLUTE
    ..\Core\Src\stm32f4xx_it.c               0x00000000   Number         0  stm32f4xx_it.o ABSOLUTE
    ..\Core\Src\system_stm32f4xx.c           0x00000000   Number         0  system_stm32f4xx.o ABSOLUTE
    ..\Core\Src\usart.c                      0x00000000   Number         0  usart.o ABSOLUTE
    ..\Drivers\STM32F4xx_HAL_Driver\Src\stm32f4xx_hal.c 0x00000000   Number         0  stm32f4xx_hal.o ABSOLUTE
    ..\Drivers\STM32F4xx_HAL_Driver\Src\stm32f4xx_hal_cortex.c 0x00000000   Number         0  stm32f4xx_hal_cortex.o ABSOLUTE
    ..\Drivers\STM32F4xx_HAL_Driver\Src\stm32f4xx_hal_dma.c 0x00000000   Number         0  stm32f4xx_hal_dma.o ABSOLUTE
    ..\Drivers\STM32F4xx_HAL_Driver\Src\stm32f4xx_hal_dma2d.c 0x00000000   Number         0  stm32f4xx_hal_dma2d.o ABSOLUTE
    ..\Drivers\STM32F4xx_HAL_Driver\Src\stm32f4xx_hal_dma_ex.c 0x00000000   Number         0  stm32f4xx_hal_dma_ex.o ABSOLUTE
    ..\Drivers\STM32F4xx_HAL_Driver\Src\stm32f4xx_hal_dsi.c 0x00000000   Number         0  stm32f4xx_hal_dsi.o ABSOLUTE
    ..\Drivers\STM32F4xx_HAL_Driver\Src\stm32f4xx_hal_exti.c 0x00000000   Number         0  stm32f4xx_hal_exti.o ABSOLUTE
    ..\Drivers\STM32F4xx_HAL_Driver\Src\stm32f4xx_hal_flash.c 0x00000000   Number         0  stm32f4xx_hal_flash.o ABSOLUTE
    ..\Drivers\STM32F4xx_HAL_Driver\Src\stm32f4xx_hal_flash_ex.c 0x00000000   Number         0  stm32f4xx_hal_flash_ex.o ABSOLUTE
    ..\Drivers\STM32F4xx_HAL_Driver\Src\stm32f4xx_hal_flash_ramfunc.c 0x00000000   Number         0  stm32f4xx_hal_flash_ramfunc.o ABSOLUTE
    ..\Drivers\STM32F4xx_HAL_Driver\Src\stm32f4xx_hal_gpio.c 0x00000000   Number         0  stm32f4xx_hal_gpio.o ABSOLUTE
    ..\Drivers\STM32F4xx_HAL_Driver\Src\stm32f4xx_hal_ltdc.c 0x00000000   Number         0  stm32f4xx_hal_ltdc.o ABSOLUTE
    ..\Drivers\STM32F4xx_HAL_Driver\Src\stm32f4xx_hal_ltdc_ex.c 0x00000000   Number         0  stm32f4xx_hal_ltdc_ex.o ABSOLUTE
    ..\Drivers\STM32F4xx_HAL_Driver\Src\stm32f4xx_hal_pwr.c 0x00000000   Number         0  stm32f4xx_hal_pwr.o ABSOLUTE
    ..\Drivers\STM32F4xx_HAL_Driver\Src\stm32f4xx_hal_pwr_ex.c 0x00000000   Number         0  stm32f4xx_hal_pwr_ex.o ABSOLUTE
    ..\Drivers\STM32F4xx_HAL_Driver\Src\stm32f4xx_hal_rcc.c 0x00000000   Number         0  stm32f4xx_hal_rcc.o ABSOLUTE
    ..\Drivers\STM32F4xx_HAL_Driver\Src\stm32f4xx_hal_rcc_ex.c 0x00000000   Number         0  stm32f4xx_hal_rcc_ex.o ABSOLUTE
    ..\Drivers\STM32F4xx_HAL_Driver\Src\stm32f4xx_hal_sdram.c 0x00000000   Number         0  stm32f4xx_hal_sdram.o ABSOLUTE
    ..\Drivers\STM32F4xx_HAL_Driver\Src\stm32f4xx_hal_tim.c 0x00000000   Number         0  stm32f4xx_hal_tim.o ABSOLUTE
    ..\Drivers\STM32F4xx_HAL_Driver\Src\stm32f4xx_hal_tim_ex.c 0x00000000   Number         0  stm32f4xx_hal_tim_ex.o ABSOLUTE
    ..\Drivers\STM32F4xx_HAL_Driver\Src\stm32f4xx_hal_uart.c 0x00000000   Number         0  stm32f4xx_hal_uart.o ABSOLUTE
    ..\Drivers\STM32F4xx_HAL_Driver\Src\stm32f4xx_ll_fmc.c 0x00000000   Number         0  stm32f4xx_ll_fmc.o ABSOLUTE
    ..\Middlewares\Third_Party\FreeRTOS\Source\CMSIS_RTOS\cmsis_os.c 0x00000000   Number         0  cmsis_os.o ABSOLUTE
    ..\Middlewares\Third_Party\FreeRTOS\Source\portable\RVDS\ARM_CM4F\port.c 0x00000000   Number         0  port.o ABSOLUTE
    cdrcmple.s                               0x00000000   Number         0  cdrcmple.o ABSOLUTE
    dc.s                                     0x00000000   Number         0  dc.o ABSOLUTE
    handlers.s                               0x00000000   Number         0  handlers.o ABSOLUTE
    init.s                                   0x00000000   Number         0  init.o ABSOLUTE
    startup_stm32f429xx.s                    0x00000000   Number         0  startup_stm32f429xx.o ABSOLUTE
    RESET                                    0x08000000   Section      428  startup_stm32f429xx.o(RESET)
    .ARM.Collect$$$$00000000                 0x080001ac   Section        0  entry.o(.ARM.Collect$$$$00000000)
    .ARM.Collect$$$$00000001                 0x080001ac   Section        4  entry2.o(.ARM.Collect$$$$00000001)
    .ARM.Collect$$$$00000004                 0x080001b0   Section        4  entry5.o(.ARM.Collect$$$$00000004)
    .ARM.Collect$$$$00000008                 0x080001b4   Section        0  entry7b.o(.ARM.Collect$$$$00000008)
    .ARM.Collect$$$$0000000A                 0x080001b4   Section        0  entry8b.o(.ARM.Collect$$$$0000000A)
    .ARM.Collect$$$$0000000B                 0x080001b4   Section        8  entry9a.o(.ARM.Collect$$$$0000000B)
    .ARM.Collect$$$$0000000E                 0x080001bc   Section        4  entry12b.o(.ARM.Collect$$$$0000000E)
    .ARM.Collect$$$$0000000F                 0x080001c0   Section        0  entry10a.o(.ARM.Collect$$$$0000000F)
    .ARM.Collect$$$$00000011                 0x080001c0   Section        0  entry11a.o(.ARM.Collect$$$$00000011)
    .ARM.Collect$$$$00002712                 0x080001c0   Section        4  entry2.o(.ARM.Collect$$$$00002712)
    __lit__00000000                          0x080001c0   Data           4  entry2.o(.ARM.Collect$$$$00002712)
    .emb_text                                0x080001c4   Section      190  port.o(.emb_text)
    $v0                                      0x080001c4   Number         0  port.o(.emb_text)
    .text                                    0x08000284   Section       36  startup_stm32f429xx.o(.text)
    $v0                                      0x08000284   Number         0  startup_stm32f429xx.o(.text)
    .text                                    0x080002a8   Section        0  uldiv.o(.text)
    .text                                    0x0800030a   Section        0  memcpya.o(.text)
    .text                                    0x0800032e   Section        0  memseta.o(.text)
    .text                                    0x08000352   Section        0  llshl.o(.text)
    .text                                    0x08000370   Section        0  llushr.o(.text)
    .text                                    0x08000390   Section       36  init.o(.text)
    i.BusFault_Handler                       0x080003b4   Section        0  stm32f4xx_it.o(i.BusFault_Handler)
    i.DebugMon_Handler                       0x080003b6   Section        0  stm32f4xx_it.o(i.DebugMon_Handler)
    i.Error_Handler                          0x080003b8   Section        0  main.o(i.Error_Handler)
    i.FMC_SDRAM_Init                         0x080003bc   Section        0  stm32f4xx_ll_fmc.o(i.FMC_SDRAM_Init)
    i.FMC_SDRAM_ProgramRefreshRate           0x08000422   Section        0  stm32f4xx_ll_fmc.o(i.FMC_SDRAM_ProgramRefreshRate)
    i.FMC_SDRAM_SendCommand                  0x08000434   Section        0  stm32f4xx_ll_fmc.o(i.FMC_SDRAM_SendCommand)
    i.FMC_SDRAM_Timing_Init                  0x08000484   Section        0  stm32f4xx_ll_fmc.o(i.FMC_SDRAM_Timing_Init)
    i.HAL_DMA2D_ConfigLayer                  0x08000528   Section        0  stm32f4xx_hal_dma2d.o(i.HAL_DMA2D_ConfigLayer)
    i.HAL_DMA2D_Init                         0x080005cc   Section        0  stm32f4xx_hal_dma2d.o(i.HAL_DMA2D_Init)
    i.HAL_DMA2D_MspInit                      0x08000628   Section        0  dma2d.o(i.HAL_DMA2D_MspInit)
    i.HAL_DMA_Abort                          0x08000650   Section        0  stm32f4xx_hal_dma.o(i.HAL_DMA_Abort)
    i.HAL_DMA_Abort_IT                       0x080006e2   Section        0  stm32f4xx_hal_dma.o(i.HAL_DMA_Abort_IT)
    i.HAL_Delay                              0x08000708   Section        0  stm32f4xx_hal.o(i.HAL_Delay)
    i.HAL_FMC_MspInit                        0x0800072c   Section        0  fmc.o(i.HAL_FMC_MspInit)
    HAL_FMC_MspInit                          0x0800072d   Thumb Code   162  fmc.o(i.HAL_FMC_MspInit)
    i.HAL_GPIO_Init                          0x080007ec   Section        0  stm32f4xx_hal_gpio.o(i.HAL_GPIO_Init)
    i.HAL_GPIO_TogglePin                     0x08000a20   Section        0  stm32f4xx_hal_gpio.o(i.HAL_GPIO_TogglePin)
    i.HAL_GPIO_WritePin                      0x08000a30   Section        0  stm32f4xx_hal_gpio.o(i.HAL_GPIO_WritePin)
    i.HAL_GetTick                            0x08000a3c   Section        0  stm32f4xx_hal.o(i.HAL_GetTick)
    i.HAL_IncTick                            0x08000a48   Section        0  stm32f4xx_hal.o(i.HAL_IncTick)
    i.HAL_Init                               0x08000a58   Section        0  stm32f4xx_hal.o(i.HAL_Init)
    i.HAL_InitTick                           0x08000a8c   Section        0  stm32f4xx_hal_timebase_tim.o(i.HAL_InitTick)
    i.HAL_LTDC_ConfigLayer                   0x08000b18   Section        0  stm32f4xx_hal_ltdc.o(i.HAL_LTDC_ConfigLayer)
    i.HAL_LTDC_Init                          0x08000b6c   Section        0  stm32f4xx_hal_ltdc.o(i.HAL_LTDC_Init)
    i.HAL_LTDC_MspInit                       0x08000c60   Section        0  ltdc.o(i.HAL_LTDC_MspInit)
    i.HAL_LTDC_SetWindowPosition             0x08000d68   Section        0  stm32f4xx_hal_ltdc.o(i.HAL_LTDC_SetWindowPosition)
    i.HAL_LTDC_SetWindowSize                 0x08000dbc   Section        0  stm32f4xx_hal_ltdc.o(i.HAL_LTDC_SetWindowSize)
    i.HAL_MspInit                            0x08000e10   Section        0  stm32f4xx_hal_msp.o(i.HAL_MspInit)
    i.HAL_NVIC_EnableIRQ                     0x08000e48   Section        0  stm32f4xx_hal_cortex.o(i.HAL_NVIC_EnableIRQ)
    i.HAL_NVIC_SetPriority                   0x08000e64   Section        0  stm32f4xx_hal_cortex.o(i.HAL_NVIC_SetPriority)
    i.HAL_NVIC_SetPriorityGrouping           0x08000ea4   Section        0  stm32f4xx_hal_cortex.o(i.HAL_NVIC_SetPriorityGrouping)
    i.HAL_PWREx_EnableOverDrive              0x08000ec8   Section        0  stm32f4xx_hal_pwr_ex.o(i.HAL_PWREx_EnableOverDrive)
    i.HAL_RCCEx_PeriphCLKConfig              0x08000f38   Section        0  stm32f4xx_hal_rcc_ex.o(i.HAL_RCCEx_PeriphCLKConfig)
    i.HAL_RCC_ClockConfig                    0x0800118c   Section        0  stm32f4xx_hal_rcc.o(i.HAL_RCC_ClockConfig)
    i.HAL_RCC_GetClockConfig                 0x080012c0   Section        0  stm32f4xx_hal_rcc.o(i.HAL_RCC_GetClockConfig)
    i.HAL_RCC_GetPCLK1Freq                   0x08001300   Section        0  stm32f4xx_hal_rcc.o(i.HAL_RCC_GetPCLK1Freq)
    i.HAL_RCC_GetPCLK2Freq                   0x08001320   Section        0  stm32f4xx_hal_rcc.o(i.HAL_RCC_GetPCLK2Freq)
    i.HAL_RCC_GetSysClockFreq                0x08001340   Section        0  stm32f4xx_hal_rcc.o(i.HAL_RCC_GetSysClockFreq)
    i.HAL_RCC_OscConfig                      0x080013a4   Section        0  stm32f4xx_hal_rcc.o(i.HAL_RCC_OscConfig)
    i.HAL_SDRAM_Init                         0x08001710   Section        0  stm32f4xx_hal_sdram.o(i.HAL_SDRAM_Init)
    i.HAL_SDRAM_MspInit                      0x08001752   Section        0  fmc.o(i.HAL_SDRAM_MspInit)
    i.HAL_SDRAM_ProgramRefreshRate           0x08001756   Section        0  stm32f4xx_hal_sdram.o(i.HAL_SDRAM_ProgramRefreshRate)
    i.HAL_SDRAM_SendCommand                  0x08001784   Section        0  stm32f4xx_hal_sdram.o(i.HAL_SDRAM_SendCommand)
    i.HAL_TIMEx_BreakCallback                0x080017c0   Section        0  stm32f4xx_hal_tim_ex.o(i.HAL_TIMEx_BreakCallback)
    i.HAL_TIMEx_CommutCallback               0x080017c2   Section        0  stm32f4xx_hal_tim_ex.o(i.HAL_TIMEx_CommutCallback)
    i.HAL_TIM_Base_Init                      0x080017c4   Section        0  stm32f4xx_hal_tim.o(i.HAL_TIM_Base_Init)
    i.HAL_TIM_Base_MspInit                   0x0800181e   Section        0  stm32f4xx_hal_tim.o(i.HAL_TIM_Base_MspInit)
    i.HAL_TIM_Base_Start_IT                  0x08001820   Section        0  stm32f4xx_hal_tim.o(i.HAL_TIM_Base_Start_IT)
    i.HAL_TIM_IC_CaptureCallback             0x080018a0   Section        0  stm32f4xx_hal_tim.o(i.HAL_TIM_IC_CaptureCallback)
    i.HAL_TIM_IRQHandler                     0x080018a2   Section        0  stm32f4xx_hal_tim.o(i.HAL_TIM_IRQHandler)
    i.HAL_TIM_OC_DelayElapsedCallback        0x080019d2   Section        0  stm32f4xx_hal_tim.o(i.HAL_TIM_OC_DelayElapsedCallback)
    i.HAL_TIM_PWM_PulseFinishedCallback      0x080019d4   Section        0  stm32f4xx_hal_tim.o(i.HAL_TIM_PWM_PulseFinishedCallback)
    i.HAL_TIM_PeriodElapsedCallback          0x080019d8   Section        0  main.o(i.HAL_TIM_PeriodElapsedCallback)
    i.HAL_TIM_TriggerCallback                0x080019ec   Section        0  stm32f4xx_hal_tim.o(i.HAL_TIM_TriggerCallback)
    i.HAL_UARTEx_RxEventCallback             0x080019ee   Section        0  stm32f4xx_hal_uart.o(i.HAL_UARTEx_RxEventCallback)
    i.HAL_UART_ErrorCallback                 0x080019f0   Section        0  stm32f4xx_hal_uart.o(i.HAL_UART_ErrorCallback)
    i.HAL_UART_GetState                      0x080019f2   Section        0  stm32f4xx_hal_uart.o(i.HAL_UART_GetState)
    i.HAL_UART_IRQHandler                    0x080019fc   Section        0  stm32f4xx_hal_uart.o(i.HAL_UART_IRQHandler)
    i.HAL_UART_Init                          0x08001c6c   Section        0  stm32f4xx_hal_uart.o(i.HAL_UART_Init)
    i.HAL_UART_MspInit                       0x08001cd0   Section        0  usart.o(i.HAL_UART_MspInit)
    i.HAL_UART_Receive_IT                    0x08001d4c   Section        0  stm32f4xx_hal_uart.o(i.HAL_UART_Receive_IT)
    i.HAL_UART_RxCpltCallback                0x08001d68   Section        0  usart.o(i.HAL_UART_RxCpltCallback)
    i.HAL_UART_Transmit                      0x08001e08   Section        0  stm32f4xx_hal_uart.o(i.HAL_UART_Transmit)
    i.HAL_UART_TxCpltCallback                0x08001ea8   Section        0  stm32f4xx_hal_uart.o(i.HAL_UART_TxCpltCallback)
    i.HardFault_Handler                      0x08001eaa   Section        0  stm32f4xx_it.o(i.HardFault_Handler)
    i.LTDC_Clear                             0x08001eac   Section        0  ltdc.o(i.LTDC_Clear)
    i.LTDC_Fill                              0x08001ec4   Section        0  ltdc.o(i.LTDC_Fill)
    i.LTDC_Init                              0x08001f64   Section        0  ltdc.o(i.LTDC_Init)
    i.LTDC_ON                                0x08001f98   Section        0  ltdc.o(i.LTDC_ON)
    i.LTDC_SetConfig                         0x08001fa8   Section        0  stm32f4xx_hal_ltdc.o(i.LTDC_SetConfig)
    LTDC_SetConfig                           0x08001fa9   Thumb Code   354  stm32f4xx_hal_ltdc.o(i.LTDC_SetConfig)
    i.MX_DMA2D_Init                          0x0800210c   Section        0  dma2d.o(i.MX_DMA2D_Init)
    i.MX_FMC_Init                            0x08002150   Section        0  fmc.o(i.MX_FMC_Init)
    i.MX_FREERTOS_Init                       0x080021bc   Section        0  freertos.o(i.MX_FREERTOS_Init)
    i.MX_GPIO_Init                           0x08002214   Section        0  gpio.o(i.MX_GPIO_Init)
    i.MX_LTDC_Init                           0x080022e0   Section        0  ltdc.o(i.MX_LTDC_Init)
    i.MX_USART1_UART_Init                    0x0800238c   Section        0  usart.o(i.MX_USART1_UART_Init)
    i.MemManage_Handler                      0x080023d0   Section        0  stm32f4xx_it.o(i.MemManage_Handler)
    i.NMI_Handler                            0x080023d2   Section        0  stm32f4xx_it.o(i.NMI_Handler)
    i.SDRAM_Device_Init                      0x080023d4   Section        0  fmc.o(i.SDRAM_Device_Init)
    i.SDRAM_Initialization_Sequence          0x080023e4   Section        0  fmc.o(i.SDRAM_Initialization_Sequence)
    i.SDRAM_delay                            0x08002460   Section        0  fmc.o(i.SDRAM_delay)
    i.StartDefaultTask                       0x0800247c   Section        0  freertos.o(i.StartDefaultTask)
    i.StartTask02                            0x08002484   Section        0  freertos.o(i.StartTask02)
    i.StartTask03                            0x080024d4   Section        0  freertos.o(i.StartTask03)
    i.SysTick_Handler                        0x080024e0   Section        0  port.o(i.SysTick_Handler)
    i.SystemClock_Config                     0x0800250c   Section        0  main.o(i.SystemClock_Config)
    i.SystemInit                             0x080025ac   Section        0  system_stm32f4xx.o(i.SystemInit)
    i.TIM1_UP_TIM10_IRQHandler               0x080025bc   Section        0  stm32f4xx_it.o(i.TIM1_UP_TIM10_IRQHandler)
    i.TIM_Base_SetConfig                     0x080025c8   Section        0  stm32f4xx_hal_tim.o(i.TIM_Base_SetConfig)
    i.UART_DMAAbortOnError                   0x080026a0   Section        0  stm32f4xx_hal_uart.o(i.UART_DMAAbortOnError)
    UART_DMAAbortOnError                     0x080026a1   Thumb Code    16  stm32f4xx_hal_uart.o(i.UART_DMAAbortOnError)
    i.UART_EndRxTransfer                     0x080026b0   Section        0  stm32f4xx_hal_uart.o(i.UART_EndRxTransfer)
    UART_EndRxTransfer                       0x080026b1   Thumb Code    78  stm32f4xx_hal_uart.o(i.UART_EndRxTransfer)
    i.UART_Receive_IT                        0x080026fe   Section        0  stm32f4xx_hal_uart.o(i.UART_Receive_IT)
    UART_Receive_IT                          0x080026ff   Thumb Code   194  stm32f4xx_hal_uart.o(i.UART_Receive_IT)
    i.UART_SetConfig                         0x080027c0   Section        0  stm32f4xx_hal_uart.o(i.UART_SetConfig)
    UART_SetConfig                           0x080027c1   Thumb Code   258  stm32f4xx_hal_uart.o(i.UART_SetConfig)
    i.UART_Start_Receive_IT                  0x080028cc   Section        0  stm32f4xx_hal_uart.o(i.UART_Start_Receive_IT)
    i.UART_WaitOnFlagUntilTimeout            0x08002902   Section        0  stm32f4xx_hal_uart.o(i.UART_WaitOnFlagUntilTimeout)
    UART_WaitOnFlagUntilTimeout              0x08002903   Thumb Code   114  stm32f4xx_hal_uart.o(i.UART_WaitOnFlagUntilTimeout)
    i.USART1_IRQHandler                      0x08002974   Section        0  stm32f4xx_it.o(i.USART1_IRQHandler)
    i.UsageFault_Handler                     0x08002980   Section        0  stm32f4xx_it.o(i.UsageFault_Handler)
    i.__NVIC_SetPriority                     0x08002982   Section        0  stm32f4xx_hal_cortex.o(i.__NVIC_SetPriority)
    __NVIC_SetPriority                       0x08002983   Thumb Code    32  stm32f4xx_hal_cortex.o(i.__NVIC_SetPriority)
    i.__scatterload_copy                     0x080029a2   Section       14  handlers.o(i.__scatterload_copy)
    i.__scatterload_null                     0x080029b0   Section        2  handlers.o(i.__scatterload_null)
    i.__scatterload_zeroinit                 0x080029b2   Section       14  handlers.o(i.__scatterload_zeroinit)
    i.main                                   0x080029c0   Section        0  main.o(i.main)
    i.makeFreeRtosPriority                   0x080029f0   Section        0  cmsis_os.o(i.makeFreeRtosPriority)
    makeFreeRtosPriority                     0x080029f1   Thumb Code    12  cmsis_os.o(i.makeFreeRtosPriority)
    i.osDelay                                0x080029fc   Section        0  cmsis_os.o(i.osDelay)
    i.osKernelStart                          0x08002a0a   Section        0  cmsis_os.o(i.osKernelStart)
    i.osThreadCreate                         0x08002a14   Section        0  cmsis_os.o(i.osThreadCreate)
    i.prvAddCurrentTaskToDelayedList         0x08002a68   Section        0  tasks.o(i.prvAddCurrentTaskToDelayedList)
    prvAddCurrentTaskToDelayedList           0x08002a69   Thumb Code   102  tasks.o(i.prvAddCurrentTaskToDelayedList)
    i.prvAddNewTaskToReadyList               0x08002ad8   Section        0  tasks.o(i.prvAddNewTaskToReadyList)
    prvAddNewTaskToReadyList                 0x08002ad9   Thumb Code   194  tasks.o(i.prvAddNewTaskToReadyList)
    i.prvDeleteTCB                           0x08002ba8   Section        0  tasks.o(i.prvDeleteTCB)
    prvDeleteTCB                             0x08002ba9   Thumb Code    52  tasks.o(i.prvDeleteTCB)
    i.prvHeapInit                            0x08002bdc   Section        0  heap_4.o(i.prvHeapInit)
    prvHeapInit                              0x08002bdd   Thumb Code    66  heap_4.o(i.prvHeapInit)
    i.prvIdleTask                            0x08002c28   Section        0  tasks.o(i.prvIdleTask)
    prvIdleTask                              0x08002c29   Thumb Code    82  tasks.o(i.prvIdleTask)
    i.prvInitialiseNewTask                   0x08002c88   Section        0  tasks.o(i.prvInitialiseNewTask)
    prvInitialiseNewTask                     0x08002c89   Thumb Code   152  tasks.o(i.prvInitialiseNewTask)
    i.prvInsertBlockIntoFreeList             0x08002d20   Section        0  heap_4.o(i.prvInsertBlockIntoFreeList)
    prvInsertBlockIntoFreeList               0x08002d21   Thumb Code    72  heap_4.o(i.prvInsertBlockIntoFreeList)
    i.prvResetNextTaskUnblockTime            0x08002d6c   Section        0  tasks.o(i.prvResetNextTaskUnblockTime)
    prvResetNextTaskUnblockTime              0x08002d6d   Thumb Code    26  tasks.o(i.prvResetNextTaskUnblockTime)
    i.prvTaskExitError                       0x08002d8c   Section        0  port.o(i.prvTaskExitError)
    prvTaskExitError                         0x08002d8d   Thumb Code    36  port.o(i.prvTaskExitError)
    i.pvPortMalloc                           0x08002db4   Section        0  heap_4.o(i.pvPortMalloc)
    i.pxPortInitialiseStack                  0x08002e90   Section        0  port.o(i.pxPortInitialiseStack)
    i.uxListRemove                           0x08002ebc   Section        0  list.o(i.uxListRemove)
    i.vApplicationGetIdleTaskMemory          0x08002ee4   Section        0  freertos.o(i.vApplicationGetIdleTaskMemory)
    i.vListInitialise                        0x08002ef8   Section        0  list.o(i.vListInitialise)
    i.vListInitialiseItem                    0x08002f0e   Section        0  list.o(i.vListInitialiseItem)
    i.vListInsert                            0x08002f14   Section        0  list.o(i.vListInsert)
    i.vListInsertEnd                         0x08002f44   Section        0  list.o(i.vListInsertEnd)
    i.vPortEnterCritical                     0x08002f5c   Section        0  port.o(i.vPortEnterCritical)
    i.vPortExitCritical                      0x08002f9c   Section        0  port.o(i.vPortExitCritical)
    i.vPortFree                              0x08002fc4   Section        0  heap_4.o(i.vPortFree)
    i.vPortSetupTimerInterrupt               0x08003028   Section        0  port.o(i.vPortSetupTimerInterrupt)
    i.vTaskDelay                             0x0800304c   Section        0  tasks.o(i.vTaskDelay)
    i.vTaskStartScheduler                    0x08003098   Section        0  tasks.o(i.vTaskStartScheduler)
    i.vTaskSuspendAll                        0x08003104   Section        0  tasks.o(i.vTaskSuspendAll)
    i.vTaskSwitchContext                     0x08003114   Section        0  tasks.o(i.vTaskSwitchContext)
    i.xPortStartScheduler                    0x08003170   Section        0  port.o(i.xPortStartScheduler)
    i.xTaskCreate                            0x08003264   Section        0  tasks.o(i.xTaskCreate)
    i.xTaskCreateStatic                      0x080032be   Section        0  tasks.o(i.xTaskCreateStatic)
    i.xTaskIncrementTick                     0x08003314   Section        0  tasks.o(i.xTaskIncrementTick)
    i.xTaskResumeAll                         0x080033e0   Section        0  tasks.o(i.xTaskResumeAll)
    .constdata                               0x080034a4   Section       84  freertos.o(.constdata)
    .constdata                               0x080034f8   Section       16  system_stm32f4xx.o(.constdata)
    .constdata                               0x08003508   Section        8  system_stm32f4xx.o(.constdata)
    .conststring                             0x08003510   Section       36  freertos.o(.conststring)
    .data                                    0x20000000   Section       12  freertos.o(.data)
    .data                                    0x2000000c   Section        8  fmc.o(.data)
    FMC_Initialized                          0x2000000c   Data           4  fmc.o(.data)
    FMC_DeInitialized                        0x20000010   Data           4  fmc.o(.data)
    .data                                    0x20000014   Section        2  usart.o(.data)
    .data                                    0x20000018   Section       12  stm32f4xx_hal.o(.data)
    .data                                    0x20000024   Section        4  system_stm32f4xx.o(.data)
    .data                                    0x20000028   Section       60  tasks.o(.data)
    uxDeletedTasksWaitingCleanUp             0x2000002c   Data           4  tasks.o(.data)
    uxCurrentNumberOfTasks                   0x20000030   Data           4  tasks.o(.data)
    xTickCount                               0x20000034   Data           4  tasks.o(.data)
    uxTopReadyPriority                       0x20000038   Data           4  tasks.o(.data)
    xSchedulerRunning                        0x2000003c   Data           4  tasks.o(.data)
    xPendedTicks                             0x20000040   Data           4  tasks.o(.data)
    xYieldPending                            0x20000044   Data           4  tasks.o(.data)
    xNumOfOverflows                          0x20000048   Data           4  tasks.o(.data)
    uxTaskNumber                             0x2000004c   Data           4  tasks.o(.data)
    xNextTaskUnblockTime                     0x20000050   Data           4  tasks.o(.data)
    xIdleTaskHandle                          0x20000054   Data           4  tasks.o(.data)
    uxSchedulerSuspended                     0x20000058   Data           4  tasks.o(.data)
    pxDelayedTaskList                        0x2000005c   Data           4  tasks.o(.data)
    pxOverflowDelayedTaskList                0x20000060   Data           4  tasks.o(.data)
    .data                                    0x20000064   Section       32  heap_4.o(.data)
    pxEnd                                    0x20000064   Data           4  heap_4.o(.data)
    xFreeBytesRemaining                      0x20000068   Data           4  heap_4.o(.data)
    xMinimumEverFreeBytesRemaining           0x2000006c   Data           4  heap_4.o(.data)
    xNumberOfSuccessfulAllocations           0x20000070   Data           4  heap_4.o(.data)
    xNumberOfSuccessfulFrees                 0x20000074   Data           4  heap_4.o(.data)
    xBlockAllocatedBit                       0x20000078   Data           4  heap_4.o(.data)
    xStart                                   0x2000007c   Data           8  heap_4.o(.data)
    .data                                    0x20000084   Section       12  port.o(.data)
    ucMaxSysCallPriority                     0x20000084   Data           1  port.o(.data)
    uxCriticalNesting                        0x20000088   Data           4  port.o(.data)
    ulMaxPRIGROUPValue                       0x2000008c   Data           4  port.o(.data)
    .bss                                     0x20000090   Section      596  freertos.o(.bss)
    xIdleTaskTCBBuffer                       0x20000090   Data          84  freertos.o(.bss)
    xIdleStack                               0x200000e4   Data         512  freertos.o(.bss)
    .bss                                     0x200002e4   Section       64  dma2d.o(.bss)
    .bss                                     0x20000324   Section       68  fmc.o(.bss)
    .bss                                     0x20000368   Section      168  ltdc.o(.bss)
    .bss                                     0x20000410   Section      328  usart.o(.bss)
    .bss                                     0x20000558   Section       72  stm32f4xx_hal_timebase_tim.o(.bss)
    .bss                                     0x200005a0   Section      240  tasks.o(.bss)
    pxReadyTasksLists                        0x200005a0   Data         140  tasks.o(.bss)
    xDelayedTaskList1                        0x2000062c   Data          20  tasks.o(.bss)
    xDelayedTaskList2                        0x20000640   Data          20  tasks.o(.bss)
    xPendingReadyList                        0x20000654   Data          20  tasks.o(.bss)
    xTasksWaitingTermination                 0x20000668   Data          20  tasks.o(.bss)
    xSuspendedTaskList                       0x2000067c   Data          20  tasks.o(.bss)
    .bss                                     0x20000690   Section    15360  heap_4.o(.bss)
    ucHeap                                   0x20000690   Data       15360  heap_4.o(.bss)
    STACK                                    0x20004290   Section     1024  startup_stm32f429xx.o(STACK)
    .ARM.__AT_0xC0000000                     0xc0000000   Section    1228800  ltdc.o(.ARM.__AT_0xC0000000)

    Global Symbols

    Symbol Name                              Value     Ov Type        Size  Object(Section)

    BuildAttributes$$THM_ISAv4$E$P$D$K$B$S$7EM$VFPi3$EXTD16$VFPS$VFMA$PE$A:L22UL41UL21$X:L11$S22US41US21$IEEE1$IW$USESV6$~STKCKD$USESV7$~SHL$OSPACE$ROPI$EBA8$MICROLIB$REQ8$PRES8$EABIv2 0x00000000   Number         0  anon$$obj.o ABSOLUTE
    __ARM_use_no_argv                        0x00000000   Number         0  main.o ABSOLUTE
    _printf_a                                0x00000000   Number         0  stubs.o ABSOLUTE
    _printf_c                                0x00000000   Number         0  stubs.o ABSOLUTE
    _printf_charcount                        0x00000000   Number         0  stubs.o ABSOLUTE
    _printf_d                                0x00000000   Number         0  stubs.o ABSOLUTE
    _printf_e                                0x00000000   Number         0  stubs.o ABSOLUTE
    _printf_f                                0x00000000   Number         0  stubs.o ABSOLUTE
    _printf_flags                            0x00000000   Number         0  stubs.o ABSOLUTE
    _printf_fp_dec                           0x00000000   Number         0  stubs.o ABSOLUTE
    _printf_fp_hex                           0x00000000   Number         0  stubs.o ABSOLUTE
    _printf_g                                0x00000000   Number         0  stubs.o ABSOLUTE
    _printf_i                                0x00000000   Number         0  stubs.o ABSOLUTE
    _printf_int_dec                          0x00000000   Number         0  stubs.o ABSOLUTE
    _printf_l                                0x00000000   Number         0  stubs.o ABSOLUTE
    _printf_lc                               0x00000000   Number         0  stubs.o ABSOLUTE
    _printf_ll                               0x00000000   Number         0  stubs.o ABSOLUTE
    _printf_lld                              0x00000000   Number         0  stubs.o ABSOLUTE
    _printf_lli                              0x00000000   Number         0  stubs.o ABSOLUTE
    _printf_llo                              0x00000000   Number         0  stubs.o ABSOLUTE
    _printf_llu                              0x00000000   Number         0  stubs.o ABSOLUTE
    _printf_llx                              0x00000000   Number         0  stubs.o ABSOLUTE
    _printf_longlong_dec                     0x00000000   Number         0  stubs.o ABSOLUTE
    _printf_longlong_hex                     0x00000000   Number         0  stubs.o ABSOLUTE
    _printf_longlong_oct                     0x00000000   Number         0  stubs.o ABSOLUTE
    _printf_ls                               0x00000000   Number         0  stubs.o ABSOLUTE
    _printf_mbtowc                           0x00000000   Number         0  stubs.o ABSOLUTE
    _printf_n                                0x00000000   Number         0  stubs.o ABSOLUTE
    _printf_o                                0x00000000   Number         0  stubs.o ABSOLUTE
    _printf_p                                0x00000000   Number         0  stubs.o ABSOLUTE
    _printf_percent                          0x00000000   Number         0  stubs.o ABSOLUTE
    _printf_pre_padding                      0x00000000   Number         0  stubs.o ABSOLUTE
    _printf_return_value                     0x00000000   Number         0  stubs.o ABSOLUTE
    _printf_s                                0x00000000   Number         0  stubs.o ABSOLUTE
    _printf_sizespec                         0x00000000   Number         0  stubs.o ABSOLUTE
    _printf_str                              0x00000000   Number         0  stubs.o ABSOLUTE
    _printf_truncate_signed                  0x00000000   Number         0  stubs.o ABSOLUTE
    _printf_truncate_unsigned                0x00000000   Number         0  stubs.o ABSOLUTE
    _printf_u                                0x00000000   Number         0  stubs.o ABSOLUTE
    _printf_wc                               0x00000000   Number         0  stubs.o ABSOLUTE
    _printf_wctomb                           0x00000000   Number         0  stubs.o ABSOLUTE
    _printf_widthprec                        0x00000000   Number         0  stubs.o ABSOLUTE
    _printf_x                                0x00000000   Number         0  stubs.o ABSOLUTE
    __arm_fini_                               - Undefined Weak Reference
    __cpp_initialize__aeabi_                  - Undefined Weak Reference
    __cxa_finalize                            - Undefined Weak Reference
    __decompress                              - Undefined Weak Reference
    _clock_init                               - Undefined Weak Reference
    _microlib_exit                            - Undefined Weak Reference
    __Vectors_Size                           0x000001ac   Number         0  startup_stm32f429xx.o ABSOLUTE
    __Vectors                                0x08000000   Data           4  startup_stm32f429xx.o(RESET)
    __Vectors_End                            0x080001ac   Data           0  startup_stm32f429xx.o(RESET)
    __main                                   0x080001ad   Thumb Code     0  entry.o(.ARM.Collect$$$$00000000)
    _main_stk                                0x080001ad   Thumb Code     0  entry2.o(.ARM.Collect$$$$00000001)
    _main_scatterload                        0x080001b1   Thumb Code     0  entry5.o(.ARM.Collect$$$$00000004)
    __main_after_scatterload                 0x080001b5   Thumb Code     0  entry5.o(.ARM.Collect$$$$00000004)
    _main_clock                              0x080001b5   Thumb Code     0  entry7b.o(.ARM.Collect$$$$00000008)
    _main_cpp_init                           0x080001b5   Thumb Code     0  entry8b.o(.ARM.Collect$$$$0000000A)
    _main_init                               0x080001b5   Thumb Code     0  entry9a.o(.ARM.Collect$$$$0000000B)
    __rt_lib_shutdown_fini                   0x080001bd   Thumb Code     0  entry12b.o(.ARM.Collect$$$$0000000E)
    __rt_final_cpp                           0x080001c1   Thumb Code     0  entry10a.o(.ARM.Collect$$$$0000000F)
    __rt_final_exit                          0x080001c1   Thumb Code     0  entry11a.o(.ARM.Collect$$$$00000011)
    SVC_Handler                              0x080001c5   Thumb Code    28  port.o(.emb_text)
    __asm___6_port_c_39a90d8d__prvStartFirstTask 0x080001e5   Thumb Code    36  port.o(.emb_text)
    __asm___6_port_c_39a90d8d__prvEnableVFP  0x0800020d   Thumb Code    16  port.o(.emb_text)
    PendSV_Handler                           0x08000221   Thumb Code    88  port.o(.emb_text)
    vPortGetIPSR                             0x0800027d   Thumb Code     6  port.o(.emb_text)
    Reset_Handler                            0x08000285   Thumb Code     8  startup_stm32f429xx.o(.text)
    ADC_IRQHandler                           0x0800029f   Thumb Code     0  startup_stm32f429xx.o(.text)
    CAN1_RX0_IRQHandler                      0x0800029f   Thumb Code     0  startup_stm32f429xx.o(.text)
    CAN1_RX1_IRQHandler                      0x0800029f   Thumb Code     0  startup_stm32f429xx.o(.text)
    CAN1_SCE_IRQHandler                      0x0800029f   Thumb Code     0  startup_stm32f429xx.o(.text)
    CAN1_TX_IRQHandler                       0x0800029f   Thumb Code     0  startup_stm32f429xx.o(.text)
    CAN2_RX0_IRQHandler                      0x0800029f   Thumb Code     0  startup_stm32f429xx.o(.text)
    CAN2_RX1_IRQHandler                      0x0800029f   Thumb Code     0  startup_stm32f429xx.o(.text)
    CAN2_SCE_IRQHandler                      0x0800029f   Thumb Code     0  startup_stm32f429xx.o(.text)
    CAN2_TX_IRQHandler                       0x0800029f   Thumb Code     0  startup_stm32f429xx.o(.text)
    DCMI_IRQHandler                          0x0800029f   Thumb Code     0  startup_stm32f429xx.o(.text)
    DMA1_Stream0_IRQHandler                  0x0800029f   Thumb Code     0  startup_stm32f429xx.o(.text)
    DMA1_Stream1_IRQHandler                  0x0800029f   Thumb Code     0  startup_stm32f429xx.o(.text)
    DMA1_Stream2_IRQHandler                  0x0800029f   Thumb Code     0  startup_stm32f429xx.o(.text)
    DMA1_Stream3_IRQHandler                  0x0800029f   Thumb Code     0  startup_stm32f429xx.o(.text)
    DMA1_Stream4_IRQHandler                  0x0800029f   Thumb Code     0  startup_stm32f429xx.o(.text)
    DMA1_Stream5_IRQHandler                  0x0800029f   Thumb Code     0  startup_stm32f429xx.o(.text)
    DMA1_Stream6_IRQHandler                  0x0800029f   Thumb Code     0  startup_stm32f429xx.o(.text)
    DMA1_Stream7_IRQHandler                  0x0800029f   Thumb Code     0  startup_stm32f429xx.o(.text)
    DMA2D_IRQHandler                         0x0800029f   Thumb Code     0  startup_stm32f429xx.o(.text)
    DMA2_Stream0_IRQHandler                  0x0800029f   Thumb Code     0  startup_stm32f429xx.o(.text)
    DMA2_Stream1_IRQHandler                  0x0800029f   Thumb Code     0  startup_stm32f429xx.o(.text)
    DMA2_Stream2_IRQHandler                  0x0800029f   Thumb Code     0  startup_stm32f429xx.o(.text)
    DMA2_Stream3_IRQHandler                  0x0800029f   Thumb Code     0  startup_stm32f429xx.o(.text)
    DMA2_Stream4_IRQHandler                  0x0800029f   Thumb Code     0  startup_stm32f429xx.o(.text)
    DMA2_Stream5_IRQHandler                  0x0800029f   Thumb Code     0  startup_stm32f429xx.o(.text)
    DMA2_Stream6_IRQHandler                  0x0800029f   Thumb Code     0  startup_stm32f429xx.o(.text)
    DMA2_Stream7_IRQHandler                  0x0800029f   Thumb Code     0  startup_stm32f429xx.o(.text)
    ETH_IRQHandler                           0x0800029f   Thumb Code     0  startup_stm32f429xx.o(.text)
    ETH_WKUP_IRQHandler                      0x0800029f   Thumb Code     0  startup_stm32f429xx.o(.text)
    EXTI0_IRQHandler                         0x0800029f   Thumb Code     0  startup_stm32f429xx.o(.text)
    EXTI15_10_IRQHandler                     0x0800029f   Thumb Code     0  startup_stm32f429xx.o(.text)
    EXTI1_IRQHandler                         0x0800029f   Thumb Code     0  startup_stm32f429xx.o(.text)
    EXTI2_IRQHandler                         0x0800029f   Thumb Code     0  startup_stm32f429xx.o(.text)
    EXTI3_IRQHandler                         0x0800029f   Thumb Code     0  startup_stm32f429xx.o(.text)
    EXTI4_IRQHandler                         0x0800029f   Thumb Code     0  startup_stm32f429xx.o(.text)
    EXTI9_5_IRQHandler                       0x0800029f   Thumb Code     0  startup_stm32f429xx.o(.text)
    FLASH_IRQHandler                         0x0800029f   Thumb Code     0  startup_stm32f429xx.o(.text)
    FMC_IRQHandler                           0x0800029f   Thumb Code     0  startup_stm32f429xx.o(.text)
    FPU_IRQHandler                           0x0800029f   Thumb Code     0  startup_stm32f429xx.o(.text)
    HASH_RNG_IRQHandler                      0x0800029f   Thumb Code     0  startup_stm32f429xx.o(.text)
    I2C1_ER_IRQHandler                       0x0800029f   Thumb Code     0  startup_stm32f429xx.o(.text)
    I2C1_EV_IRQHandler                       0x0800029f   Thumb Code     0  startup_stm32f429xx.o(.text)
    I2C2_ER_IRQHandler                       0x0800029f   Thumb Code     0  startup_stm32f429xx.o(.text)
    I2C2_EV_IRQHandler                       0x0800029f   Thumb Code     0  startup_stm32f429xx.o(.text)
    I2C3_ER_IRQHandler                       0x0800029f   Thumb Code     0  startup_stm32f429xx.o(.text)
    I2C3_EV_IRQHandler                       0x0800029f   Thumb Code     0  startup_stm32f429xx.o(.text)
    LTDC_ER_IRQHandler                       0x0800029f   Thumb Code     0  startup_stm32f429xx.o(.text)
    LTDC_IRQHandler                          0x0800029f   Thumb Code     0  startup_stm32f429xx.o(.text)
    OTG_FS_IRQHandler                        0x0800029f   Thumb Code     0  startup_stm32f429xx.o(.text)
    OTG_FS_WKUP_IRQHandler                   0x0800029f   Thumb Code     0  startup_stm32f429xx.o(.text)
    OTG_HS_EP1_IN_IRQHandler                 0x0800029f   Thumb Code     0  startup_stm32f429xx.o(.text)
    OTG_HS_EP1_OUT_IRQHandler                0x0800029f   Thumb Code     0  startup_stm32f429xx.o(.text)
    OTG_HS_IRQHandler                        0x0800029f   Thumb Code     0  startup_stm32f429xx.o(.text)
    OTG_HS_WKUP_IRQHandler                   0x0800029f   Thumb Code     0  startup_stm32f429xx.o(.text)
    PVD_IRQHandler                           0x0800029f   Thumb Code     0  startup_stm32f429xx.o(.text)
    RCC_IRQHandler                           0x0800029f   Thumb Code     0  startup_stm32f429xx.o(.text)
    RTC_Alarm_IRQHandler                     0x0800029f   Thumb Code     0  startup_stm32f429xx.o(.text)
    RTC_WKUP_IRQHandler                      0x0800029f   Thumb Code     0  startup_stm32f429xx.o(.text)
    SAI1_IRQHandler                          0x0800029f   Thumb Code     0  startup_stm32f429xx.o(.text)
    SDIO_IRQHandler                          0x0800029f   Thumb Code     0  startup_stm32f429xx.o(.text)
    SPI1_IRQHandler                          0x0800029f   Thumb Code     0  startup_stm32f429xx.o(.text)
    SPI2_IRQHandler                          0x0800029f   Thumb Code     0  startup_stm32f429xx.o(.text)
    SPI3_IRQHandler                          0x0800029f   Thumb Code     0  startup_stm32f429xx.o(.text)
    SPI4_IRQHandler                          0x0800029f   Thumb Code     0  startup_stm32f429xx.o(.text)
    SPI5_IRQHandler                          0x0800029f   Thumb Code     0  startup_stm32f429xx.o(.text)
    SPI6_IRQHandler                          0x0800029f   Thumb Code     0  startup_stm32f429xx.o(.text)
    TAMP_STAMP_IRQHandler                    0x0800029f   Thumb Code     0  startup_stm32f429xx.o(.text)
    TIM1_BRK_TIM9_IRQHandler                 0x0800029f   Thumb Code     0  startup_stm32f429xx.o(.text)
    TIM1_CC_IRQHandler                       0x0800029f   Thumb Code     0  startup_stm32f429xx.o(.text)
    TIM1_TRG_COM_TIM11_IRQHandler            0x0800029f   Thumb Code     0  startup_stm32f429xx.o(.text)
    TIM2_IRQHandler                          0x0800029f   Thumb Code     0  startup_stm32f429xx.o(.text)
    TIM3_IRQHandler                          0x0800029f   Thumb Code     0  startup_stm32f429xx.o(.text)
    TIM4_IRQHandler                          0x0800029f   Thumb Code     0  startup_stm32f429xx.o(.text)
    TIM5_IRQHandler                          0x0800029f   Thumb Code     0  startup_stm32f429xx.o(.text)
    TIM6_DAC_IRQHandler                      0x0800029f   Thumb Code     0  startup_stm32f429xx.o(.text)
    TIM7_IRQHandler                          0x0800029f   Thumb Code     0  startup_stm32f429xx.o(.text)
    TIM8_BRK_TIM12_IRQHandler                0x0800029f   Thumb Code     0  startup_stm32f429xx.o(.text)
    TIM8_CC_IRQHandler                       0x0800029f   Thumb Code     0  startup_stm32f429xx.o(.text)
    TIM8_TRG_COM_TIM14_IRQHandler            0x0800029f   Thumb Code     0  startup_stm32f429xx.o(.text)
    TIM8_UP_TIM13_IRQHandler                 0x0800029f   Thumb Code     0  startup_stm32f429xx.o(.text)
    UART4_IRQHandler                         0x0800029f   Thumb Code     0  startup_stm32f429xx.o(.text)
    UART5_IRQHandler                         0x0800029f   Thumb Code     0  startup_stm32f429xx.o(.text)
    UART7_IRQHandler                         0x0800029f   Thumb Code     0  startup_stm32f429xx.o(.text)
    UART8_IRQHandler                         0x0800029f   Thumb Code     0  startup_stm32f429xx.o(.text)
    USART2_IRQHandler                        0x0800029f   Thumb Code     0  startup_stm32f429xx.o(.text)
    USART3_IRQHandler                        0x0800029f   Thumb Code     0  startup_stm32f429xx.o(.text)
    USART6_IRQHandler                        0x0800029f   Thumb Code     0  startup_stm32f429xx.o(.text)
    WWDG_IRQHandler                          0x0800029f   Thumb Code     0  startup_stm32f429xx.o(.text)
    __aeabi_uldivmod                         0x080002a9   Thumb Code    98  uldiv.o(.text)
    __aeabi_memcpy                           0x0800030b   Thumb Code    36  memcpya.o(.text)
    __aeabi_memcpy4                          0x0800030b   Thumb Code     0  memcpya.o(.text)
    __aeabi_memcpy8                          0x0800030b   Thumb Code     0  memcpya.o(.text)
    __aeabi_memset                           0x0800032f   Thumb Code    14  memseta.o(.text)
    __aeabi_memset4                          0x0800032f   Thumb Code     0  memseta.o(.text)
    __aeabi_memset8                          0x0800032f   Thumb Code     0  memseta.o(.text)
    __aeabi_memclr                           0x0800033d   Thumb Code     4  memseta.o(.text)
    __aeabi_memclr4                          0x0800033d   Thumb Code     0  memseta.o(.text)
    __aeabi_memclr8                          0x0800033d   Thumb Code     0  memseta.o(.text)
    memset                                   0x08000341   Thumb Code    18  memseta.o(.text)
    __aeabi_llsl                             0x08000353   Thumb Code    30  llshl.o(.text)
    _ll_shift_l                              0x08000353   Thumb Code     0  llshl.o(.text)
    __aeabi_llsr                             0x08000371   Thumb Code    32  llushr.o(.text)
    _ll_ushift_r                             0x08000371   Thumb Code     0  llushr.o(.text)
    __scatterload                            0x08000391   Thumb Code    28  init.o(.text)
    __scatterload_rt2                        0x08000391   Thumb Code     0  init.o(.text)
    BusFault_Handler                         0x080003b5   Thumb Code     2  stm32f4xx_it.o(i.BusFault_Handler)
    DebugMon_Handler                         0x080003b7   Thumb Code     2  stm32f4xx_it.o(i.DebugMon_Handler)
    Error_Handler                            0x080003b9   Thumb Code     4  main.o(i.Error_Handler)
    FMC_SDRAM_Init                           0x080003bd   Thumb Code   102  stm32f4xx_ll_fmc.o(i.FMC_SDRAM_Init)
    FMC_SDRAM_ProgramRefreshRate             0x08000423   Thumb Code    18  stm32f4xx_ll_fmc.o(i.FMC_SDRAM_ProgramRefreshRate)
    FMC_SDRAM_SendCommand                    0x08000435   Thumb Code    78  stm32f4xx_ll_fmc.o(i.FMC_SDRAM_SendCommand)
    FMC_SDRAM_Timing_Init                    0x08000485   Thumb Code   154  stm32f4xx_ll_fmc.o(i.FMC_SDRAM_Timing_Init)
    HAL_DMA2D_ConfigLayer                    0x08000529   Thumb Code   158  stm32f4xx_hal_dma2d.o(i.HAL_DMA2D_ConfigLayer)
    HAL_DMA2D_Init                           0x080005cd   Thumb Code    90  stm32f4xx_hal_dma2d.o(i.HAL_DMA2D_Init)
    HAL_DMA2D_MspInit                        0x08000629   Thumb Code    30  dma2d.o(i.HAL_DMA2D_MspInit)
    HAL_DMA_Abort                            0x08000651   Thumb Code   146  stm32f4xx_hal_dma.o(i.HAL_DMA_Abort)
    HAL_DMA_Abort_IT                         0x080006e3   Thumb Code    36  stm32f4xx_hal_dma.o(i.HAL_DMA_Abort_IT)
    HAL_Delay                                0x08000709   Thumb Code    32  stm32f4xx_hal.o(i.HAL_Delay)
    HAL_GPIO_Init                            0x080007ed   Thumb Code   510  stm32f4xx_hal_gpio.o(i.HAL_GPIO_Init)
    HAL_GPIO_TogglePin                       0x08000a21   Thumb Code    16  stm32f4xx_hal_gpio.o(i.HAL_GPIO_TogglePin)
    HAL_GPIO_WritePin                        0x08000a31   Thumb Code    10  stm32f4xx_hal_gpio.o(i.HAL_GPIO_WritePin)
    HAL_GetTick                              0x08000a3d   Thumb Code     6  stm32f4xx_hal.o(i.HAL_GetTick)
    HAL_IncTick                              0x08000a49   Thumb Code    12  stm32f4xx_hal.o(i.HAL_IncTick)
    HAL_Init                                 0x08000a59   Thumb Code    48  stm32f4xx_hal.o(i.HAL_Init)
    HAL_InitTick                             0x08000a8d   Thumb Code   120  stm32f4xx_hal_timebase_tim.o(i.HAL_InitTick)
    HAL_LTDC_ConfigLayer                     0x08000b19   Thumb Code    82  stm32f4xx_hal_ltdc.o(i.HAL_LTDC_ConfigLayer)
    HAL_LTDC_Init                            0x08000b6d   Thumb Code   238  stm32f4xx_hal_ltdc.o(i.HAL_LTDC_Init)
    HAL_LTDC_MspInit                         0x08000c61   Thumb Code   238  ltdc.o(i.HAL_LTDC_MspInit)
    HAL_LTDC_SetWindowPosition               0x08000d69   Thumb Code    84  stm32f4xx_hal_ltdc.o(i.HAL_LTDC_SetWindowPosition)
    HAL_LTDC_SetWindowSize                   0x08000dbd   Thumb Code    84  stm32f4xx_hal_ltdc.o(i.HAL_LTDC_SetWindowSize)
    HAL_MspInit                              0x08000e11   Thumb Code    52  stm32f4xx_hal_msp.o(i.HAL_MspInit)
    HAL_NVIC_EnableIRQ                       0x08000e49   Thumb Code    26  stm32f4xx_hal_cortex.o(i.HAL_NVIC_EnableIRQ)
    HAL_NVIC_SetPriority                     0x08000e65   Thumb Code    60  stm32f4xx_hal_cortex.o(i.HAL_NVIC_SetPriority)
    HAL_NVIC_SetPriorityGrouping             0x08000ea5   Thumb Code    26  stm32f4xx_hal_cortex.o(i.HAL_NVIC_SetPriorityGrouping)
    HAL_PWREx_EnableOverDrive                0x08000ec9   Thumb Code    98  stm32f4xx_hal_pwr_ex.o(i.HAL_PWREx_EnableOverDrive)
    HAL_RCCEx_PeriphCLKConfig                0x08000f39   Thumb Code   560  stm32f4xx_hal_rcc_ex.o(i.HAL_RCCEx_PeriphCLKConfig)
    HAL_RCC_ClockConfig                      0x0800118d   Thumb Code   288  stm32f4xx_hal_rcc.o(i.HAL_RCC_ClockConfig)
    HAL_RCC_GetClockConfig                   0x080012c1   Thumb Code    54  stm32f4xx_hal_rcc.o(i.HAL_RCC_GetClockConfig)
    HAL_RCC_GetPCLK1Freq                     0x08001301   Thumb Code    20  stm32f4xx_hal_rcc.o(i.HAL_RCC_GetPCLK1Freq)
    HAL_RCC_GetPCLK2Freq                     0x08001321   Thumb Code    20  stm32f4xx_hal_rcc.o(i.HAL_RCC_GetPCLK2Freq)
    HAL_RCC_GetSysClockFreq                  0x08001341   Thumb Code    88  stm32f4xx_hal_rcc.o(i.HAL_RCC_GetSysClockFreq)
    HAL_RCC_OscConfig                        0x080013a5   Thumb Code   856  stm32f4xx_hal_rcc.o(i.HAL_RCC_OscConfig)
    HAL_SDRAM_Init                           0x08001711   Thumb Code    66  stm32f4xx_hal_sdram.o(i.HAL_SDRAM_Init)
    HAL_SDRAM_MspInit                        0x08001753   Thumb Code     4  fmc.o(i.HAL_SDRAM_MspInit)
    HAL_SDRAM_ProgramRefreshRate             0x08001757   Thumb Code    46  stm32f4xx_hal_sdram.o(i.HAL_SDRAM_ProgramRefreshRate)
    HAL_SDRAM_SendCommand                    0x08001785   Thumb Code    60  stm32f4xx_hal_sdram.o(i.HAL_SDRAM_SendCommand)
    HAL_TIMEx_BreakCallback                  0x080017c1   Thumb Code     2  stm32f4xx_hal_tim_ex.o(i.HAL_TIMEx_BreakCallback)
    HAL_TIMEx_CommutCallback                 0x080017c3   Thumb Code     2  stm32f4xx_hal_tim_ex.o(i.HAL_TIMEx_CommutCallback)
    HAL_TIM_Base_Init                        0x080017c5   Thumb Code    90  stm32f4xx_hal_tim.o(i.HAL_TIM_Base_Init)
    HAL_TIM_Base_MspInit                     0x0800181f   Thumb Code     2  stm32f4xx_hal_tim.o(i.HAL_TIM_Base_MspInit)
    HAL_TIM_Base_Start_IT                    0x08001821   Thumb Code   100  stm32f4xx_hal_tim.o(i.HAL_TIM_Base_Start_IT)
    HAL_TIM_IC_CaptureCallback               0x080018a1   Thumb Code     2  stm32f4xx_hal_tim.o(i.HAL_TIM_IC_CaptureCallback)
    HAL_TIM_IRQHandler                       0x080018a3   Thumb Code   304  stm32f4xx_hal_tim.o(i.HAL_TIM_IRQHandler)
    HAL_TIM_OC_DelayElapsedCallback          0x080019d3   Thumb Code     2  stm32f4xx_hal_tim.o(i.HAL_TIM_OC_DelayElapsedCallback)
    HAL_TIM_PWM_PulseFinishedCallback        0x080019d5   Thumb Code     2  stm32f4xx_hal_tim.o(i.HAL_TIM_PWM_PulseFinishedCallback)
    HAL_TIM_PeriodElapsedCallback            0x080019d9   Thumb Code    14  main.o(i.HAL_TIM_PeriodElapsedCallback)
    HAL_TIM_TriggerCallback                  0x080019ed   Thumb Code     2  stm32f4xx_hal_tim.o(i.HAL_TIM_TriggerCallback)
    HAL_UARTEx_RxEventCallback               0x080019ef   Thumb Code     2  stm32f4xx_hal_uart.o(i.HAL_UARTEx_RxEventCallback)
    HAL_UART_ErrorCallback                   0x080019f1   Thumb Code     2  stm32f4xx_hal_uart.o(i.HAL_UART_ErrorCallback)
    HAL_UART_GetState                        0x080019f3   Thumb Code    10  stm32f4xx_hal_uart.o(i.HAL_UART_GetState)
    HAL_UART_IRQHandler                      0x080019fd   Thumb Code   618  stm32f4xx_hal_uart.o(i.HAL_UART_IRQHandler)
    HAL_UART_Init                            0x08001c6d   Thumb Code   100  stm32f4xx_hal_uart.o(i.HAL_UART_Init)
    HAL_UART_MspInit                         0x08001cd1   Thumb Code   110  usart.o(i.HAL_UART_MspInit)
    HAL_UART_Receive_IT                      0x08001d4d   Thumb Code    28  stm32f4xx_hal_uart.o(i.HAL_UART_Receive_IT)
    HAL_UART_RxCpltCallback                  0x08001d69   Thumb Code   128  usart.o(i.HAL_UART_RxCpltCallback)
    HAL_UART_Transmit                        0x08001e09   Thumb Code   160  stm32f4xx_hal_uart.o(i.HAL_UART_Transmit)
    HAL_UART_TxCpltCallback                  0x08001ea9   Thumb Code     2  stm32f4xx_hal_uart.o(i.HAL_UART_TxCpltCallback)
    HardFault_Handler                        0x08001eab   Thumb Code     2  stm32f4xx_it.o(i.HardFault_Handler)
    LTDC_Clear                               0x08001ead   Thumb Code    22  ltdc.o(i.LTDC_Clear)
    LTDC_Fill                                0x08001ec5   Thumb Code   150  ltdc.o(i.LTDC_Fill)
    LTDC_Init                                0x08001f65   Thumb Code    46  ltdc.o(i.LTDC_Init)
    LTDC_ON                                  0x08001f99   Thumb Code    10  ltdc.o(i.LTDC_ON)
    MX_DMA2D_Init                            0x0800210d   Thumb Code    58  dma2d.o(i.MX_DMA2D_Init)
    MX_FMC_Init                              0x08002151   Thumb Code    98  fmc.o(i.MX_FMC_Init)
    MX_FREERTOS_Init                         0x080021bd   Thumb Code    78  freertos.o(i.MX_FREERTOS_Init)
    MX_GPIO_Init                             0x08002215   Thumb Code   196  gpio.o(i.MX_GPIO_Init)
    MX_LTDC_Init                             0x080022e1   Thumb Code   162  ltdc.o(i.MX_LTDC_Init)
    MX_USART1_UART_Init                      0x0800238d   Thumb Code    54  usart.o(i.MX_USART1_UART_Init)
    MemManage_Handler                        0x080023d1   Thumb Code     2  stm32f4xx_it.o(i.MemManage_Handler)
    NMI_Handler                              0x080023d3   Thumb Code     2  stm32f4xx_it.o(i.NMI_Handler)
    SDRAM_Device_Init                        0x080023d5   Thumb Code    10  fmc.o(i.SDRAM_Device_Init)
    SDRAM_Initialization_Sequence            0x080023e5   Thumb Code   122  fmc.o(i.SDRAM_Initialization_Sequence)
    SDRAM_delay                              0x08002461   Thumb Code    22  fmc.o(i.SDRAM_delay)
    StartDefaultTask                         0x0800247d   Thumb Code     8  freertos.o(i.StartDefaultTask)
    StartTask02                              0x08002485   Thumb Code    76  freertos.o(i.StartTask02)
    StartTask03                              0x080024d5   Thumb Code    12  freertos.o(i.StartTask03)
    SysTick_Handler                          0x080024e1   Thumb Code    38  port.o(i.SysTick_Handler)
    SystemClock_Config                       0x0800250d   Thumb Code   150  main.o(i.SystemClock_Config)
    SystemInit                               0x080025ad   Thumb Code    12  system_stm32f4xx.o(i.SystemInit)
    TIM1_UP_TIM10_IRQHandler                 0x080025bd   Thumb Code     6  stm32f4xx_it.o(i.TIM1_UP_TIM10_IRQHandler)
    TIM_Base_SetConfig                       0x080025c9   Thumb Code   170  stm32f4xx_hal_tim.o(i.TIM_Base_SetConfig)
    UART_Start_Receive_IT                    0x080028cd   Thumb Code    54  stm32f4xx_hal_uart.o(i.UART_Start_Receive_IT)
    USART1_IRQHandler                        0x08002975   Thumb Code     6  stm32f4xx_it.o(i.USART1_IRQHandler)
    UsageFault_Handler                       0x08002981   Thumb Code     2  stm32f4xx_it.o(i.UsageFault_Handler)
    __scatterload_copy                       0x080029a3   Thumb Code    14  handlers.o(i.__scatterload_copy)
    __scatterload_null                       0x080029b1   Thumb Code     2  handlers.o(i.__scatterload_null)
    __scatterload_zeroinit                   0x080029b3   Thumb Code    14  handlers.o(i.__scatterload_zeroinit)
    main                                     0x080029c1   Thumb Code    48  main.o(i.main)
    osDelay                                  0x080029fd   Thumb Code    14  cmsis_os.o(i.osDelay)
    osKernelStart                            0x08002a0b   Thumb Code    10  cmsis_os.o(i.osKernelStart)
    osThreadCreate                           0x08002a15   Thumb Code    84  cmsis_os.o(i.osThreadCreate)
    pvPortMalloc                             0x08002db5   Thumb Code   216  heap_4.o(i.pvPortMalloc)
    pxPortInitialiseStack                    0x08002e91   Thumb Code    40  port.o(i.pxPortInitialiseStack)
    uxListRemove                             0x08002ebd   Thumb Code    38  list.o(i.uxListRemove)
    vApplicationGetIdleTaskMemory            0x08002ee5   Thumb Code    16  freertos.o(i.vApplicationGetIdleTaskMemory)
    vListInitialise                          0x08002ef9   Thumb Code    22  list.o(i.vListInitialise)
    vListInitialiseItem                      0x08002f0f   Thumb Code     6  list.o(i.vListInitialiseItem)
    vListInsert                              0x08002f15   Thumb Code    48  list.o(i.vListInsert)
    vListInsertEnd                           0x08002f45   Thumb Code    24  list.o(i.vListInsertEnd)
    vPortEnterCritical                       0x08002f5d   Thumb Code    54  port.o(i.vPortEnterCritical)
    vPortExitCritical                        0x08002f9d   Thumb Code    34  port.o(i.vPortExitCritical)
    vPortFree                                0x08002fc5   Thumb Code    94  heap_4.o(i.vPortFree)
    vPortSetupTimerInterrupt                 0x08003029   Thumb Code    32  port.o(i.vPortSetupTimerInterrupt)
    vTaskDelay                               0x0800304d   Thumb Code    66  tasks.o(i.vTaskDelay)
    vTaskStartScheduler                      0x08003099   Thumb Code    90  tasks.o(i.vTaskStartScheduler)
    vTaskSuspendAll                          0x08003105   Thumb Code    10  tasks.o(i.vTaskSuspendAll)
    vTaskSwitchContext                       0x08003115   Thumb Code    82  tasks.o(i.vTaskSwitchContext)
    xPortStartScheduler                      0x08003171   Thumb Code   222  port.o(i.xPortStartScheduler)
    xTaskCreate                              0x08003265   Thumb Code    90  tasks.o(i.xTaskCreate)
    xTaskCreateStatic                        0x080032bf   Thumb Code    86  tasks.o(i.xTaskCreateStatic)
    xTaskIncrementTick                       0x08003315   Thumb Code   194  tasks.o(i.xTaskIncrementTick)
    xTaskResumeAll                           0x080033e1   Thumb Code   182  tasks.o(i.xTaskResumeAll)
    AHBPrescTable                            0x080034f8   Data          16  system_stm32f4xx.o(.constdata)
    APBPrescTable                            0x08003508   Data           8  system_stm32f4xx.o(.constdata)
    Region$$Table$$Base                      0x08003534   Number         0  anon$$obj.o(Region$$Table)
    Region$$Table$$Limit                     0x08003554   Number         0  anon$$obj.o(Region$$Table)
    defaultTaskHandle                        0x20000000   Data           4  freertos.o(.data)
    myTask02Handle                           0x20000004   Data           4  freertos.o(.data)
    myTask03Handle                           0x20000008   Data           4  freertos.o(.data)
    Uart1_Rx_Cnt                             0x20000014   Data           1  usart.o(.data)
    aRxBuffer                                0x20000015   Data           1  usart.o(.data)
    uwTickFreq                               0x20000018   Data           1  stm32f4xx_hal.o(.data)
    uwTickPrio                               0x2000001c   Data           4  stm32f4xx_hal.o(.data)
    uwTick                                   0x20000020   Data           4  stm32f4xx_hal.o(.data)
    SystemCoreClock                          0x20000024   Data           4  system_stm32f4xx.o(.data)
    pxCurrentTCB                             0x20000028   Data           4  tasks.o(.data)
    hdma2d                                   0x200002e4   Data          64  dma2d.o(.bss)
    command                                  0x20000324   Data          16  fmc.o(.bss)
    hsdram1                                  0x20000334   Data          52  fmc.o(.bss)
    hltdc                                    0x20000368   Data         168  ltdc.o(.bss)
    RxBuffer                                 0x20000410   Data         256  usart.o(.bss)
    huart1                                   0x20000510   Data          72  usart.o(.bss)
    htim1                                    0x20000558   Data          72  stm32f4xx_hal_timebase_tim.o(.bss)
    __initial_sp                             0x20004690   Data           0  startup_stm32f429xx.o(STACK)
    g_ltdc_framebuf                          0xc0000000   Data       1228800  ltdc.o(.ARM.__AT_0xC0000000)



==============================================================================

Memory Map of the image

  Image Entry point : 0x080001ad

  Load Region LR_IROM1 (Base: 0x08000000, Size: 0x000035e4, Max: 0x00100000, ABSOLUTE)

    Execution Region ER_IROM1 (Exec base: 0x08000000, Load base: 0x08000000, Size: 0x00003554, Max: 0x00100000, ABSOLUTE)

    Exec Addr    Load Addr    Size         Type   Attr      Idx    E Section Name        Object

    0x08000000   0x08000000   0x000001ac   Data   RO            3    RESET               startup_stm32f429xx.o
    0x080001ac   0x080001ac   0x00000000   Code   RO         5448  * .ARM.Collect$$$$00000000  mc_w.l(entry.o)
    0x080001ac   0x080001ac   0x00000004   Code   RO         5722    .ARM.Collect$$$$00000001  mc_w.l(entry2.o)
    0x080001b0   0x080001b0   0x00000004   Code   RO         5725    .ARM.Collect$$$$00000004  mc_w.l(entry5.o)
    0x080001b4   0x080001b4   0x00000000   Code   RO         5727    .ARM.Collect$$$$00000008  mc_w.l(entry7b.o)
    0x080001b4   0x080001b4   0x00000000   Code   RO         5729    .ARM.Collect$$$$0000000A  mc_w.l(entry8b.o)
    0x080001b4   0x080001b4   0x00000008   Code   RO         5730    .ARM.Collect$$$$0000000B  mc_w.l(entry9a.o)
    0x080001bc   0x080001bc   0x00000004   Code   RO         5737    .ARM.Collect$$$$0000000E  mc_w.l(entry12b.o)
    0x080001c0   0x080001c0   0x00000000   Code   RO         5732    .ARM.Collect$$$$0000000F  mc_w.l(entry10a.o)
    0x080001c0   0x080001c0   0x00000000   Code   RO         5734    .ARM.Collect$$$$00000011  mc_w.l(entry11a.o)
    0x080001c0   0x080001c0   0x00000004   Code   RO         5723    .ARM.Collect$$$$00002712  mc_w.l(entry2.o)
    0x080001c4   0x080001c4   0x000000be   Code   RO         5371    .emb_text           port.o
    0x08000282   0x08000282   0x00000002   PAD
    0x08000284   0x08000284   0x00000024   Code   RO            4    .text               startup_stm32f429xx.o
    0x080002a8   0x080002a8   0x00000062   Code   RO         5451    .text               mc_w.l(uldiv.o)
    0x0800030a   0x0800030a   0x00000024   Code   RO         5453    .text               mc_w.l(memcpya.o)
    0x0800032e   0x0800032e   0x00000024   Code   RO         5457    .text               mc_w.l(memseta.o)
    0x08000352   0x08000352   0x0000001e   Code   RO         5741    .text               mc_w.l(llshl.o)
    0x08000370   0x08000370   0x00000020   Code   RO         5743    .text               mc_w.l(llushr.o)
    0x08000390   0x08000390   0x00000024   Code   RO         5756    .text               mc_w.l(init.o)
    0x080003b4   0x080003b4   0x00000002   Code   RO          562    i.BusFault_Handler  stm32f4xx_it.o
    0x080003b6   0x080003b6   0x00000002   Code   RO          563    i.DebugMon_Handler  stm32f4xx_it.o
    0x080003b8   0x080003b8   0x00000004   Code   RO           13    i.Error_Handler     main.o
    0x080003bc   0x080003bc   0x00000066   Code   RO         2156    i.FMC_SDRAM_Init    stm32f4xx_ll_fmc.o
    0x08000422   0x08000422   0x00000012   Code   RO         2157    i.FMC_SDRAM_ProgramRefreshRate  stm32f4xx_ll_fmc.o
    0x08000434   0x08000434   0x0000004e   Code   RO         2158    i.FMC_SDRAM_SendCommand  stm32f4xx_ll_fmc.o
    0x08000482   0x08000482   0x00000002   PAD
    0x08000484   0x08000484   0x000000a4   Code   RO         2160    i.FMC_SDRAM_Timing_Init  stm32f4xx_ll_fmc.o
    0x08000528   0x08000528   0x000000a4   Code   RO          709    i.HAL_DMA2D_ConfigLayer  stm32f4xx_hal_dma2d.o
    0x080005cc   0x080005cc   0x0000005a   Code   RO          717    i.HAL_DMA2D_Init    stm32f4xx_hal_dma2d.o
    0x08000626   0x08000626   0x00000002   PAD
    0x08000628   0x08000628   0x00000028   Code   RO          319    i.HAL_DMA2D_MspInit  dma2d.o
    0x08000650   0x08000650   0x00000092   Code   RO         1418    i.HAL_DMA_Abort     stm32f4xx_hal_dma.o
    0x080006e2   0x080006e2   0x00000024   Code   RO         1419    i.HAL_DMA_Abort_IT  stm32f4xx_hal_dma.o
    0x08000706   0x08000706   0x00000002   PAD
    0x08000708   0x08000708   0x00000024   Code   RO         1873    i.HAL_Delay         stm32f4xx_hal.o
    0x0800072c   0x0800072c   0x000000c0   Code   RO          360    i.HAL_FMC_MspInit   fmc.o
    0x080007ec   0x080007ec   0x00000234   Code   RO         1311    i.HAL_GPIO_Init     stm32f4xx_hal_gpio.o
    0x08000a20   0x08000a20   0x00000010   Code   RO         1314    i.HAL_GPIO_TogglePin  stm32f4xx_hal_gpio.o
    0x08000a30   0x08000a30   0x0000000a   Code   RO         1315    i.HAL_GPIO_WritePin  stm32f4xx_hal_gpio.o
    0x08000a3a   0x08000a3a   0x00000002   PAD
    0x08000a3c   0x08000a3c   0x0000000c   Code   RO         1881    i.HAL_GetTick       stm32f4xx_hal.o
    0x08000a48   0x08000a48   0x00000010   Code   RO         1887    i.HAL_IncTick       stm32f4xx_hal.o
    0x08000a58   0x08000a58   0x00000034   Code   RO         1888    i.HAL_Init          stm32f4xx_hal.o
    0x08000a8c   0x08000a8c   0x0000008c   Code   RO          656    i.HAL_InitTick      stm32f4xx_hal_timebase_tim.o
    0x08000b18   0x08000b18   0x00000052   Code   RO         2490    i.HAL_LTDC_ConfigLayer  stm32f4xx_hal_ltdc.o
    0x08000b6a   0x08000b6a   0x00000002   PAD
    0x08000b6c   0x08000b6c   0x000000f4   Code   RO         2507    i.HAL_LTDC_Init     stm32f4xx_hal_ltdc.o
    0x08000c60   0x08000c60   0x00000108   Code   RO          433    i.HAL_LTDC_MspInit  ltdc.o
    0x08000d68   0x08000d68   0x00000054   Code   RO         2522    i.HAL_LTDC_SetWindowPosition  stm32f4xx_hal_ltdc.o
    0x08000dbc   0x08000dbc   0x00000054   Code   RO         2524    i.HAL_LTDC_SetWindowSize  stm32f4xx_hal_ltdc.o
    0x08000e10   0x08000e10   0x00000038   Code   RO          632    i.HAL_MspInit       stm32f4xx_hal_msp.o
    0x08000e48   0x08000e48   0x0000001a   Code   RO         1721    i.HAL_NVIC_EnableIRQ  stm32f4xx_hal_cortex.o
    0x08000e62   0x08000e62   0x00000002   PAD
    0x08000e64   0x08000e64   0x00000040   Code   RO         1727    i.HAL_NVIC_SetPriority  stm32f4xx_hal_cortex.o
    0x08000ea4   0x08000ea4   0x00000024   Code   RO         1728    i.HAL_NVIC_SetPriorityGrouping  stm32f4xx_hal_cortex.o
    0x08000ec8   0x08000ec8   0x00000070   Code   RO         1647    i.HAL_PWREx_EnableOverDrive  stm32f4xx_hal_pwr_ex.o
    0x08000f38   0x08000f38   0x00000254   Code   RO         1012    i.HAL_RCCEx_PeriphCLKConfig  stm32f4xx_hal_rcc_ex.o
    0x0800118c   0x0800118c   0x00000134   Code   RO          905    i.HAL_RCC_ClockConfig  stm32f4xx_hal_rcc.o
    0x080012c0   0x080012c0   0x00000040   Code   RO          909    i.HAL_RCC_GetClockConfig  stm32f4xx_hal_rcc.o
    0x08001300   0x08001300   0x00000020   Code   RO          912    i.HAL_RCC_GetPCLK1Freq  stm32f4xx_hal_rcc.o
    0x08001320   0x08001320   0x00000020   Code   RO          913    i.HAL_RCC_GetPCLK2Freq  stm32f4xx_hal_rcc.o
    0x08001340   0x08001340   0x00000064   Code   RO          914    i.HAL_RCC_GetSysClockFreq  stm32f4xx_hal_rcc.o
    0x080013a4   0x080013a4   0x0000036c   Code   RO          917    i.HAL_RCC_OscConfig  stm32f4xx_hal_rcc.o
    0x08001710   0x08001710   0x00000042   Code   RO         2322    i.HAL_SDRAM_Init    stm32f4xx_hal_sdram.o
    0x08001752   0x08001752   0x00000004   Code   RO          362    i.HAL_SDRAM_MspInit  fmc.o
    0x08001756   0x08001756   0x0000002e   Code   RO         2325    i.HAL_SDRAM_ProgramRefreshRate  stm32f4xx_hal_sdram.o
    0x08001784   0x08001784   0x0000003c   Code   RO         2331    i.HAL_SDRAM_SendCommand  stm32f4xx_hal_sdram.o
    0x080017c0   0x080017c0   0x00000002   Code   RO         3486    i.HAL_TIMEx_BreakCallback  stm32f4xx_hal_tim_ex.o
    0x080017c2   0x080017c2   0x00000002   Code   RO         3487    i.HAL_TIMEx_CommutCallback  stm32f4xx_hal_tim_ex.o
    0x080017c4   0x080017c4   0x0000005a   Code   RO         2782    i.HAL_TIM_Base_Init  stm32f4xx_hal_tim.o
    0x0800181e   0x0800181e   0x00000002   Code   RO         2784    i.HAL_TIM_Base_MspInit  stm32f4xx_hal_tim.o
    0x08001820   0x08001820   0x00000080   Code   RO         2787    i.HAL_TIM_Base_Start_IT  stm32f4xx_hal_tim.o
    0x080018a0   0x080018a0   0x00000002   Code   RO         2816    i.HAL_TIM_IC_CaptureCallback  stm32f4xx_hal_tim.o
    0x080018a2   0x080018a2   0x00000130   Code   RO         2830    i.HAL_TIM_IRQHandler  stm32f4xx_hal_tim.o
    0x080019d2   0x080019d2   0x00000002   Code   RO         2833    i.HAL_TIM_OC_DelayElapsedCallback  stm32f4xx_hal_tim.o
    0x080019d4   0x080019d4   0x00000002   Code   RO         2860    i.HAL_TIM_PWM_PulseFinishedCallback  stm32f4xx_hal_tim.o
    0x080019d6   0x080019d6   0x00000002   PAD
    0x080019d8   0x080019d8   0x00000014   Code   RO           14    i.HAL_TIM_PeriodElapsedCallback  main.o
    0x080019ec   0x080019ec   0x00000002   Code   RO         2873    i.HAL_TIM_TriggerCallback  stm32f4xx_hal_tim.o
    0x080019ee   0x080019ee   0x00000002   Code   RO         3765    i.HAL_UARTEx_RxEventCallback  stm32f4xx_hal_uart.o
    0x080019f0   0x080019f0   0x00000002   Code   RO         3779    i.HAL_UART_ErrorCallback  stm32f4xx_hal_uart.o
    0x080019f2   0x080019f2   0x0000000a   Code   RO         3781    i.HAL_UART_GetState  stm32f4xx_hal_uart.o
    0x080019fc   0x080019fc   0x00000270   Code   RO         3782    i.HAL_UART_IRQHandler  stm32f4xx_hal_uart.o
    0x08001c6c   0x08001c6c   0x00000064   Code   RO         3783    i.HAL_UART_Init     stm32f4xx_hal_uart.o
    0x08001cd0   0x08001cd0   0x0000007c   Code   RO          505    i.HAL_UART_MspInit  usart.o
    0x08001d4c   0x08001d4c   0x0000001c   Code   RO         3788    i.HAL_UART_Receive_IT  stm32f4xx_hal_uart.o
    0x08001d68   0x08001d68   0x000000a0   Code   RO          506    i.HAL_UART_RxCpltCallback  usart.o
    0x08001e08   0x08001e08   0x000000a0   Code   RO         3791    i.HAL_UART_Transmit  stm32f4xx_hal_uart.o
    0x08001ea8   0x08001ea8   0x00000002   Code   RO         3794    i.HAL_UART_TxCpltCallback  stm32f4xx_hal_uart.o
    0x08001eaa   0x08001eaa   0x00000002   Code   RO          564    i.HardFault_Handler  stm32f4xx_it.o
    0x08001eac   0x08001eac   0x00000016   Code   RO          434    i.LTDC_Clear        ltdc.o
    0x08001ec2   0x08001ec2   0x00000002   PAD
    0x08001ec4   0x08001ec4   0x000000a0   Code   RO          435    i.LTDC_Fill         ltdc.o
    0x08001f64   0x08001f64   0x00000034   Code   RO          436    i.LTDC_Init         ltdc.o
    0x08001f98   0x08001f98   0x00000010   Code   RO          438    i.LTDC_ON           ltdc.o
    0x08001fa8   0x08001fa8   0x00000162   Code   RO         2526    i.LTDC_SetConfig    stm32f4xx_hal_ltdc.o
    0x0800210a   0x0800210a   0x00000002   PAD
    0x0800210c   0x0800210c   0x00000044   Code   RO          320    i.MX_DMA2D_Init     dma2d.o
    0x08002150   0x08002150   0x0000006c   Code   RO          363    i.MX_FMC_Init       fmc.o
    0x080021bc   0x080021bc   0x00000058   Code   RO          252    i.MX_FREERTOS_Init  freertos.o
    0x08002214   0x08002214   0x000000cc   Code   RO          228    i.MX_GPIO_Init      gpio.o
    0x080022e0   0x080022e0   0x000000ac   Code   RO          439    i.MX_LTDC_Init      ltdc.o
    0x0800238c   0x0800238c   0x00000044   Code   RO          507    i.MX_USART1_UART_Init  usart.o
    0x080023d0   0x080023d0   0x00000002   Code   RO          565    i.MemManage_Handler  stm32f4xx_it.o
    0x080023d2   0x080023d2   0x00000002   Code   RO          566    i.NMI_Handler       stm32f4xx_it.o
    0x080023d4   0x080023d4   0x00000010   Code   RO          364    i.SDRAM_Device_Init  fmc.o
    0x080023e4   0x080023e4   0x0000007a   Code   RO          365    i.SDRAM_Initialization_Sequence  fmc.o
    0x0800245e   0x0800245e   0x00000002   PAD
    0x08002460   0x08002460   0x0000001c   Code   RO          367    i.SDRAM_delay       fmc.o
    0x0800247c   0x0800247c   0x00000008   Code   RO          253    i.StartDefaultTask  freertos.o
    0x08002484   0x08002484   0x00000050   Code   RO          254    i.StartTask02       freertos.o
    0x080024d4   0x080024d4   0x0000000c   Code   RO          255    i.StartTask03       freertos.o
    0x080024e0   0x080024e0   0x0000002c   Code   RO         5372    i.SysTick_Handler   port.o
    0x0800250c   0x0800250c   0x000000a0   Code   RO           15    i.SystemClock_Config  main.o
    0x080025ac   0x080025ac   0x00000010   Code   RO         4117    i.SystemInit        system_stm32f4xx.o
    0x080025bc   0x080025bc   0x0000000c   Code   RO          567    i.TIM1_UP_TIM10_IRQHandler  stm32f4xx_it.o
    0x080025c8   0x080025c8   0x000000d8   Code   RO         2875    i.TIM_Base_SetConfig  stm32f4xx_hal_tim.o
    0x080026a0   0x080026a0   0x00000010   Code   RO         3796    i.UART_DMAAbortOnError  stm32f4xx_hal_uart.o
    0x080026b0   0x080026b0   0x0000004e   Code   RO         3806    i.UART_EndRxTransfer  stm32f4xx_hal_uart.o
    0x080026fe   0x080026fe   0x000000c2   Code   RO         3808    i.UART_Receive_IT   stm32f4xx_hal_uart.o
    0x080027c0   0x080027c0   0x0000010c   Code   RO         3809    i.UART_SetConfig    stm32f4xx_hal_uart.o
    0x080028cc   0x080028cc   0x00000036   Code   RO         3811    i.UART_Start_Receive_IT  stm32f4xx_hal_uart.o
    0x08002902   0x08002902   0x00000072   Code   RO         3812    i.UART_WaitOnFlagUntilTimeout  stm32f4xx_hal_uart.o
    0x08002974   0x08002974   0x0000000c   Code   RO          568    i.USART1_IRQHandler  stm32f4xx_it.o
    0x08002980   0x08002980   0x00000002   Code   RO          569    i.UsageFault_Handler  stm32f4xx_it.o
    0x08002982   0x08002982   0x00000020   Code   RO         1734    i.__NVIC_SetPriority  stm32f4xx_hal_cortex.o
    0x080029a2   0x080029a2   0x0000000e   Code   RO         5764    i.__scatterload_copy  mc_w.l(handlers.o)
    0x080029b0   0x080029b0   0x00000002   Code   RO         5765    i.__scatterload_null  mc_w.l(handlers.o)
    0x080029b2   0x080029b2   0x0000000e   Code   RO         5766    i.__scatterload_zeroinit  mc_w.l(handlers.o)
    0x080029c0   0x080029c0   0x00000030   Code   RO           16    i.main              main.o
    0x080029f0   0x080029f0   0x0000000c   Code   RO         4937    i.makeFreeRtosPriority  cmsis_os.o
    0x080029fc   0x080029fc   0x0000000e   Code   RO         4939    i.osDelay           cmsis_os.o
    0x08002a0a   0x08002a0a   0x0000000a   Code   RO         4942    i.osKernelStart     cmsis_os.o
    0x08002a14   0x08002a14   0x00000054   Code   RO         4976    i.osThreadCreate    cmsis_os.o
    0x08002a68   0x08002a68   0x00000070   Code   RO         4619    i.prvAddCurrentTaskToDelayedList  tasks.o
    0x08002ad8   0x08002ad8   0x000000d0   Code   RO         4620    i.prvAddNewTaskToReadyList  tasks.o
    0x08002ba8   0x08002ba8   0x00000034   Code   RO         4621    i.prvDeleteTCB      tasks.o
    0x08002bdc   0x08002bdc   0x0000004c   Code   RO         5304    i.prvHeapInit       heap_4.o
    0x08002c28   0x08002c28   0x00000060   Code   RO         4622    i.prvIdleTask       tasks.o
    0x08002c88   0x08002c88   0x00000098   Code   RO         4623    i.prvInitialiseNewTask  tasks.o
    0x08002d20   0x08002d20   0x0000004c   Code   RO         5305    i.prvInsertBlockIntoFreeList  heap_4.o
    0x08002d6c   0x08002d6c   0x00000020   Code   RO         4624    i.prvResetNextTaskUnblockTime  tasks.o
    0x08002d8c   0x08002d8c   0x00000028   Code   RO         5373    i.prvTaskExitError  port.o
    0x08002db4   0x08002db4   0x000000dc   Code   RO         5306    i.pvPortMalloc      heap_4.o
    0x08002e90   0x08002e90   0x0000002c   Code   RO         5374    i.pxPortInitialiseStack  port.o
    0x08002ebc   0x08002ebc   0x00000026   Code   RO         4255    i.uxListRemove      list.o
    0x08002ee2   0x08002ee2   0x00000002   PAD
    0x08002ee4   0x08002ee4   0x00000014   Code   RO          256    i.vApplicationGetIdleTaskMemory  freertos.o
    0x08002ef8   0x08002ef8   0x00000016   Code   RO         4256    i.vListInitialise   list.o
    0x08002f0e   0x08002f0e   0x00000006   Code   RO         4257    i.vListInitialiseItem  list.o
    0x08002f14   0x08002f14   0x00000030   Code   RO         4258    i.vListInsert       list.o
    0x08002f44   0x08002f44   0x00000018   Code   RO         4259    i.vListInsertEnd    list.o
    0x08002f5c   0x08002f5c   0x00000040   Code   RO         5376    i.vPortEnterCritical  port.o
    0x08002f9c   0x08002f9c   0x00000028   Code   RO         5377    i.vPortExitCritical  port.o
    0x08002fc4   0x08002fc4   0x00000064   Code   RO         5307    i.vPortFree         heap_4.o
    0x08003028   0x08003028   0x00000024   Code   RO         5378    i.vPortSetupTimerInterrupt  port.o
    0x0800304c   0x0800304c   0x0000004c   Code   RO         4633    i.vTaskDelay        tasks.o
    0x08003098   0x08003098   0x0000006c   Code   RO         4646    i.vTaskStartScheduler  tasks.o
    0x08003104   0x08003104   0x00000010   Code   RO         4648    i.vTaskSuspendAll   tasks.o
    0x08003114   0x08003114   0x0000005c   Code   RO         4649    i.vTaskSwitchContext  tasks.o
    0x08003170   0x08003170   0x000000f4   Code   RO         5380    i.xPortStartScheduler  port.o
    0x08003264   0x08003264   0x0000005a   Code   RO         4652    i.xTaskCreate       tasks.o
    0x080032be   0x080032be   0x00000056   Code   RO         4653    i.xTaskCreateStatic  tasks.o
    0x08003314   0x08003314   0x000000cc   Code   RO         4660    i.xTaskIncrementTick  tasks.o
    0x080033e0   0x080033e0   0x000000c4   Code   RO         4666    i.xTaskResumeAll    tasks.o
    0x080034a4   0x080034a4   0x00000054   Data   RO          258    .constdata          freertos.o
    0x080034f8   0x080034f8   0x00000010   Data   RO         4118    .constdata          system_stm32f4xx.o
    0x08003508   0x08003508   0x00000008   Data   RO         4119    .constdata          system_stm32f4xx.o
    0x08003510   0x08003510   0x00000024   Data   RO          259    .conststring        freertos.o
    0x08003534   0x08003534   0x00000020   Data   RO         5762    Region$$Table       anon$$obj.o


    Execution Region RW_IRAM2 (Exec base: 0x10000000, Load base: 0x080035e4, Size: 0x00000000, Max: 0x00010000, ABSOLUTE)

    **** No section assigned to this execution region ****


    Execution Region RW_IRAM1 (Exec base: 0x20000000, Load base: 0x08003554, Size: 0x00004690, Max: 0x00030000, ABSOLUTE)

    Exec Addr    Load Addr    Size         Type   Attr      Idx    E Section Name        Object

    0x20000000   0x08003554   0x0000000c   Data   RW          260    .data               freertos.o
    0x2000000c   0x08003560   0x00000008   Data   RW          369    .data               fmc.o
    0x20000014   0x08003568   0x00000002   Data   RW          510    .data               usart.o
    0x20000016   0x0800356a   0x00000002   PAD
    0x20000018   0x0800356c   0x0000000c   Data   RW         1895    .data               stm32f4xx_hal.o
    0x20000024   0x08003578   0x00000004   Data   RW         4120    .data               system_stm32f4xx.o
    0x20000028   0x0800357c   0x0000003c   Data   RW         4669    .data               tasks.o
    0x20000064   0x080035b8   0x00000020   Data   RW         5313    .data               heap_4.o
    0x20000084   0x080035d8   0x0000000c   Data   RW         5381    .data               port.o
    0x20000090        -       0x00000254   Zero   RW          257    .bss                freertos.o
    0x200002e4        -       0x00000040   Zero   RW          321    .bss                dma2d.o
    0x20000324        -       0x00000044   Zero   RW          368    .bss                fmc.o
    0x20000368        -       0x000000a8   Zero   RW          441    .bss                ltdc.o
    0x20000410        -       0x00000148   Zero   RW          509    .bss                usart.o
    0x20000558        -       0x00000048   Zero   RW          659    .bss                stm32f4xx_hal_timebase_tim.o
    0x200005a0        -       0x000000f0   Zero   RW         4668    .bss                tasks.o
    0x20000690        -       0x00003c00   Zero   RW         5312    .bss                heap_4.o
    0x20004290        -       0x00000400   Zero   RW            1    STACK               startup_stm32f429xx.o



  Load Region LR$$.ARM.__AT_0xC0000000 (Base: 0xc0000000, Size: 0x00000000, Max: 0x0012c000, ABSOLUTE)

    Execution Region ER$$.ARM.__AT_0xC0000000 (Exec base: 0xc0000000, Load base: 0xc0000000, Size: 0x0012c000, Max: 0x0012c000, ABSOLUTE, UNINIT)

    Exec Addr    Load Addr    Size         Type   Attr      Idx    E Section Name        Object

    0xc0000000        -       0x0012c000   Zero   RW          440    .ARM.__AT_0xC0000000  ltdc.o


==============================================================================

Image component sizes


      Code (inc. data)   RO Data    RW Data    ZI Data      Debug   Object Name

       120          0          0          0          0      23341   cmsis_os.o
       108         20          0          0         64       1601   dma2d.o
         0          0          0          0          0      16908   event_groups.o
       470         52          0          8         68       4054   fmc.o
       208         18        120         12        596       3792   freertos.o
       204          8          0          0          0       1143   gpio.o
       472         24          0         32      15360       7455   heap_4.o
       138          0          0          0          0       3582   list.o
       686         58          0          0    1228968       4599   ltdc.o
       232         16          0          0          0     816692   main.o
       702         72          0         12          0      11056   port.o
        36          8        428          0       1024        840   startup_stm32f429xx.o
       116         18          0         12          0       8906   stm32f4xx_hal.o
       158         14          0          0          0      33058   stm32f4xx_hal_cortex.o
       182          0          0          0          0       2115   stm32f4xx_hal_dma.o
       254          6          0          0          0       2173   stm32f4xx_hal_dma2d.o
       590         54          0          0          0       2877   stm32f4xx_hal_gpio.o
       848          6          0          0          0       4805   stm32f4xx_hal_ltdc.o
        56          4          0          0          0        878   stm32f4xx_hal_msp.o
       112         14          0          0          0       1300   stm32f4xx_hal_pwr_ex.o
      1412         86          0          0          0       5941   stm32f4xx_hal_rcc.o
       596         36          0          0          0       1624   stm32f4xx_hal_rcc_ex.o
       172          0          0          0          0       2868   stm32f4xx_hal_sdram.o
       748         74          0          0          0       7572   stm32f4xx_hal_tim.o
         4          0          0          0          0       1653   stm32f4xx_hal_tim_ex.o
       140         20          0          0         72       1451   stm32f4xx_hal_timebase_tim.o
      1652         16          0          0          0      12136   stm32f4xx_hal_uart.o
        36         12          0          0          0       3784   stm32f4xx_it.o
       362         10          0          0          0       4932   stm32f4xx_ll_fmc.o
         0          0          0          0          0        392   stream_buffer.o
        16          4         24          4          0       1147   system_stm32f4xx.o
      1520        112          0         60        240      19578   tasks.o
       352         60          0          2        328       2656   usart.o

    ----------------------------------------------------------------------
     12726        822        604        144    1246720    1016909   Object Totals
         0          0         32          0          0          0   (incl. Generated)
        24          0          0          2          0          0   (incl. Padding)

    ----------------------------------------------------------------------

      Code (inc. data)   RO Data    RW Data    ZI Data      Debug   Library Member Name

         0          0          0          0          0          0   entry.o
         0          0          0          0          0          0   entry10a.o
         0          0          0          0          0          0   entry11a.o
         4          0          0          0          0          0   entry12b.o
         8          4          0          0          0          0   entry2.o
         4          0          0          0          0          0   entry5.o
         0          0          0          0          0          0   entry7b.o
         0          0          0          0          0          0   entry8b.o
         8          4          0          0          0          0   entry9a.o
        30          0          0          0          0          0   handlers.o
        36          8          0          0          0         68   init.o
        30          0          0          0          0         68   llshl.o
        32          0          0          0          0         68   llushr.o
        36          0          0          0          0         68   memcpya.o
        36          0          0          0          0        108   memseta.o
        98          0          0          0          0         92   uldiv.o

    ----------------------------------------------------------------------
       322         16          0          0          0        472   Library Totals
         0          0          0          0          0          0   (incl. Padding)

    ----------------------------------------------------------------------

      Code (inc. data)   RO Data    RW Data    ZI Data      Debug   Library Name

       322         16          0          0          0        472   mc_w.l

    ----------------------------------------------------------------------
       322         16          0          0          0        472   Library Totals

    ----------------------------------------------------------------------

==============================================================================


      Code (inc. data)   RO Data    RW Data    ZI Data      Debug   

     13048        838        604        144    1246720    1004829   Grand Totals
     13048        838        604        144    1246720    1004829   ELF Image Totals
     13048        838        604        144          0          0   ROM Totals

==============================================================================

    Total RO  Size (Code + RO Data)                13652 (  13.33kB)
    Total RW  Size (RW Data + ZI Data)           1246864 (1217.64kB)
    Total ROM Size (Code + RO Data + RW Data)      13796 (  13.47kB)

==============================================================================

